Archive member included to satisfy reference by file (symbol)

c:/st/stm32cubeide_1.7.0/stm32cubeide/plugins/com.st.stm32cube.ide.mcu.externaltools.gnu-tools-for-stm32.9-2020-q2-update.win32_2.0.0.202105311346/tools/bin/../lib/gcc/arm-none-eabi/9.3.1/../../../../arm-none-eabi/lib/thumb/v7-m/nofp\libc_nano.a(lib_a-errno.o)
                              ./Core/Src/syscalls.o (__errno)
c:/st/stm32cubeide_1.7.0/stm32cubeide/plugins/com.st.stm32cube.ide.mcu.externaltools.gnu-tools-for-stm32.9-2020-q2-update.win32_2.0.0.202105311346/tools/bin/../lib/gcc/arm-none-eabi/9.3.1/../../../../arm-none-eabi/lib/thumb/v7-m/nofp\libc_nano.a(lib_a-exit.o)
                              c:/st/stm32cubeide_1.7.0/stm32cubeide/plugins/com.st.stm32cube.ide.mcu.externaltools.gnu-tools-for-stm32.9-2020-q2-update.win32_2.0.0.202105311346/tools/bin/../lib/gcc/arm-none-eabi/9.3.1/../../../../arm-none-eabi/lib/thumb/v7-m/nofp/crt0.o (exit)
c:/st/stm32cubeide_1.7.0/stm32cubeide/plugins/com.st.stm32cube.ide.mcu.externaltools.gnu-tools-for-stm32.9-2020-q2-update.win32_2.0.0.202105311346/tools/bin/../lib/gcc/arm-none-eabi/9.3.1/../../../../arm-none-eabi/lib/thumb/v7-m/nofp\libc_nano.a(lib_a-impure.o)
                              c:/st/stm32cubeide_1.7.0/stm32cubeide/plugins/com.st.stm32cube.ide.mcu.externaltools.gnu-tools-for-stm32.9-2020-q2-update.win32_2.0.0.202105311346/tools/bin/../lib/gcc/arm-none-eabi/9.3.1/../../../../arm-none-eabi/lib/thumb/v7-m/nofp\libc_nano.a(lib_a-exit.o) (_global_impure_ptr)
c:/st/stm32cubeide_1.7.0/stm32cubeide/plugins/com.st.stm32cube.ide.mcu.externaltools.gnu-tools-for-stm32.9-2020-q2-update.win32_2.0.0.202105311346/tools/bin/../lib/gcc/arm-none-eabi/9.3.1/../../../../arm-none-eabi/lib/thumb/v7-m/nofp\libc_nano.a(lib_a-init.o)
                              c:/st/stm32cubeide_1.7.0/stm32cubeide/plugins/com.st.stm32cube.ide.mcu.externaltools.gnu-tools-for-stm32.9-2020-q2-update.win32_2.0.0.202105311346/tools/bin/../lib/gcc/arm-none-eabi/9.3.1/../../../../arm-none-eabi/lib/thumb/v7-m/nofp/crt0.o (__libc_init_array)
c:/st/stm32cubeide_1.7.0/stm32cubeide/plugins/com.st.stm32cube.ide.mcu.externaltools.gnu-tools-for-stm32.9-2020-q2-update.win32_2.0.0.202105311346/tools/bin/../lib/gcc/arm-none-eabi/9.3.1/../../../../arm-none-eabi/lib/thumb/v7-m/nofp\libc_nano.a(lib_a-memset.o)
                              c:/st/stm32cubeide_1.7.0/stm32cubeide/plugins/com.st.stm32cube.ide.mcu.externaltools.gnu-tools-for-stm32.9-2020-q2-update.win32_2.0.0.202105311346/tools/bin/../lib/gcc/arm-none-eabi/9.3.1/../../../../arm-none-eabi/lib/thumb/v7-m/nofp/crt0.o (memset)
c:/st/stm32cubeide_1.7.0/stm32cubeide/plugins/com.st.stm32cube.ide.mcu.externaltools.gnu-tools-for-stm32.9-2020-q2-update.win32_2.0.0.202105311346/tools/bin/../lib/gcc/arm-none-eabi/9.3.1/../../../../arm-none-eabi/lib/thumb/v7-m/nofp\libc_nano.a(lib_a-strlen.o)
                              ./Core/Src/main.o (strlen)

Allocating common symbols
Common symbol       size              file

USERPath            0x4               ./FATFS/App/fatfs.o
uwTick              0x4               ./Drivers/STM32F1xx_HAL_Driver/Src/stm32f1xx_hal.o
pFlash              0x20              ./Drivers/STM32F1xx_HAL_Driver/Src/stm32f1xx_hal_flash.o
huart1              0x44              ./Core/Src/main.o
retUSER             0x1               ./FATFS/App/fatfs.o
Timer2              0x1               ./Core/Src/stm32f1xx_it.o
Timer1              0x1               ./Core/Src/stm32f1xx_it.o
USERFile            0x102c            ./FATFS/App/fatfs.o
USERFatFS           0x1030            ./FATFS/App/fatfs.o

Discarded input sections

 .text          0x0000000000000000        0x0 c:/st/stm32cubeide_1.7.0/stm32cubeide/plugins/com.st.stm32cube.ide.mcu.externaltools.gnu-tools-for-stm32.9-2020-q2-update.win32_2.0.0.202105311346/tools/bin/../lib/gcc/arm-none-eabi/9.3.1/thumb/v7-m/nofp/crti.o
 .data          0x0000000000000000        0x0 c:/st/stm32cubeide_1.7.0/stm32cubeide/plugins/com.st.stm32cube.ide.mcu.externaltools.gnu-tools-for-stm32.9-2020-q2-update.win32_2.0.0.202105311346/tools/bin/../lib/gcc/arm-none-eabi/9.3.1/thumb/v7-m/nofp/crti.o
 .bss           0x0000000000000000        0x0 c:/st/stm32cubeide_1.7.0/stm32cubeide/plugins/com.st.stm32cube.ide.mcu.externaltools.gnu-tools-for-stm32.9-2020-q2-update.win32_2.0.0.202105311346/tools/bin/../lib/gcc/arm-none-eabi/9.3.1/thumb/v7-m/nofp/crti.o
 .data          0x0000000000000000        0x4 c:/st/stm32cubeide_1.7.0/stm32cubeide/plugins/com.st.stm32cube.ide.mcu.externaltools.gnu-tools-for-stm32.9-2020-q2-update.win32_2.0.0.202105311346/tools/bin/../lib/gcc/arm-none-eabi/9.3.1/thumb/v7-m/nofp/crtbegin.o
 .text          0x0000000000000000       0x7c c:/st/stm32cubeide_1.7.0/stm32cubeide/plugins/com.st.stm32cube.ide.mcu.externaltools.gnu-tools-for-stm32.9-2020-q2-update.win32_2.0.0.202105311346/tools/bin/../lib/gcc/arm-none-eabi/9.3.1/../../../../arm-none-eabi/lib/thumb/v7-m/nofp/crt0.o
[...]
Memory Configuration

Name             Origin             Length             Attributes
RAM              0x0000000020000000 0x000000000000ffd8 xrw
FLASH            0x0000000008007000 0x0000000000079000 xr
*default*        0x0000000000000000 0xffffffffffffffff

Linker script and memory map

LOAD c:/st/stm32cubeide_1.7.0/stm32cubeide/plugins/com.st.stm32cube.ide.mcu.externaltools.gnu-tools-for-stm32.9-2020-q2-update.win32_2.0.0.202105311346/tools/bin/../lib/gcc/arm-none-eabi/9.3.1/thumb/v7-m/nofp/crti.o
LOAD c:/st/stm32cubeide_1.7.0/stm32cubeide/plugins/com.st.stm32cube.ide.mcu.externaltools.gnu-tools-for-stm32.9-2020-q2-update.win32_2.0.0.202105311346/tools/bin/../lib/gcc/arm-none-eabi/9.3.1/thumb/v7-m/nofp/crtbegin.o
LOAD c:/st/stm32cubeide_1.7.0/stm32cubeide/plugins/com.st.stm32cube.ide.mcu.externaltools.gnu-tools-for-stm32.9-2020-q2-update.win32_2.0.0.202105311346/tools/bin/../lib/gcc/arm-none-eabi/9.3.1/../../../../arm-none-eabi/lib/thumb/v7-m/nofp/crt0.o
LOAD ./Core/Src/main.o
LOAD ./Core/Src/stm32f1xx_hal_msp.o
LOAD ./Core/Src/stm32f1xx_it.o
LOAD ./Core/Src/syscalls.o
LOAD ./Core/Src/sysmem.o
LOAD ./Core/Src/system_stm32f1xx.o
LOAD ./Core/Startup/startup_stm32f103retx.o
LOAD ./Drivers/STM32F1xx_HAL_Driver/Src/stm32f1xx_hal.o
LOAD ./Drivers/STM32F1xx_HAL_Driver/Src/stm32f1xx_hal_cortex.o
LOAD ./Drivers/STM32F1xx_HAL_Driver/Src/stm32f1xx_hal_dma.o
LOAD ./Drivers/STM32F1xx_HAL_Driver/Src/stm32f1xx_hal_exti.o
LOAD ./Drivers/STM32F1xx_HAL_Driver/Src/stm32f1xx_hal_flash.o
LOAD ./Drivers/STM32F1xx_HAL_Driver/Src/stm32f1xx_hal_flash_ex.o
LOAD ./Drivers/STM32F1xx_HAL_Driver/Src/stm32f1xx_hal_gpio.o
LOAD ./Drivers/STM32F1xx_HAL_Driver/Src/stm32f1xx_hal_gpio_ex.o
LOAD ./Drivers/STM32F1xx_HAL_Driver/Src/stm32f1xx_hal_pwr.o
LOAD ./Drivers/STM32F1xx_HAL_Driver/Src/stm32f1xx_hal_rcc.o
LOAD ./Drivers/STM32F1xx_HAL_Driver/Src/stm32f1xx_hal_rcc_ex.o
LOAD ./Drivers/STM32F1xx_HAL_Driver/Src/stm32f1xx_hal_tim.o
LOAD ./Drivers/STM32F1xx_HAL_Driver/Src/stm32f1xx_hal_tim_ex.o
LOAD ./Drivers/STM32F1xx_HAL_Driver/Src/stm32f1xx_hal_uart.o
LOAD ./FATFS/App/fatfs.o
LOAD ./FATFS/Target/user_diskio.o
LOAD ./Middlewares/Third_Party/FatFs/src/diskio.o
LOAD ./Middlewares/Third_Party/FatFs/src/ff.o
LOAD ./Middlewares/Third_Party/FatFs/src/ff_gen_drv.o
LOAD ./Middlewares/Third_Party/FatFs/src/option/ccsbcs.o
LOAD ./Middlewares/Third_Party/FatFs/src/option/syscall.o
START GROUP
LOAD c:/st/stm32cubeide_1.7.0/stm32cubeide/plugins/com.st.stm32cube.ide.mcu.externaltools.gnu-tools-for-stm32.9-2020-q2-update.win32_2.0.0.202105311346/tools/bin/../lib/gcc/arm-none-eabi/9.3.1/../../../../arm-none-eabi/lib/thumb/v7-m/nofp\libc_nano.a
LOAD c:/st/stm32cubeide_1.7.0/stm32cubeide/plugins/com.st.stm32cube.ide.mcu.externaltools.gnu-tools-for-stm32.9-2020-q2-update.win32_2.0.0.202105311346/tools/bin/../lib/gcc/arm-none-eabi/9.3.1/../../../../arm-none-eabi/lib/thumb/v7-m/nofp\libm.a
END GROUP
START GROUP
LOAD c:/st/stm32cubeide_1.7.0/stm32cubeide/plugins/com.st.stm32cube.ide.mcu.externaltools.gnu-tools-for-stm32.9-2020-q2-update.win32_2.0.0.202105311346/tools/bin/../lib/gcc/arm-none-eabi/9.3.1/thumb/v7-m/nofp\libgcc.a
LOAD c:/st/stm32cubeide_1.7.0/stm32cubeide/plugins/com.st.stm32cube.ide.mcu.externaltools.gnu-tools-for-stm32.9-2020-q2-update.win32_2.0.0.202105311346/tools/bin/../lib/gcc/arm-none-eabi/9.3.1/../../../../arm-none-eabi/lib/thumb/v7-m/nofp\libc_nano.a
END GROUP
START GROUP
LOAD c:/st/stm32cubeide_1.7.0/stm32cubeide/plugins/com.st.stm32cube.ide.mcu.externaltools.gnu-tools-for-stm32.9-2020-q2-update.win32_2.0.0.202105311346/tools/bin/../lib/gcc/arm-none-eabi/9.3.1/thumb/v7-m/nofp\libgcc.a
LOAD c:/st/stm32cubeide_1.7.0/stm32cubeide/plugins/com.st.stm32cube.ide.mcu.externaltools.gnu-tools-for-stm32.9-2020-q2-update.win32_2.0.0.202105311346/tools/bin/../lib/gcc/arm-none-eabi/9.3.1/../../../../arm-none-eabi/lib/thumb/v7-m/nofp\libc_nano.a
LOAD c:/st/stm32cubeide_1.7.0/stm32cubeide/plugins/com.st.stm32cube.ide.mcu.externaltools.gnu-tools-for-stm32.9-2020-q2-update.win32_2.0.0.202105311346/tools/bin/../lib/gcc/arm-none-eabi/9.3.1/../../../../arm-none-eabi/lib/thumb/v7-m/nofp\libnosys.a
END GROUP
START GROUP
LOAD c:/st/stm32cubeide_1.7.0/stm32cubeide/plugins/com.st.stm32cube.ide.mcu.externaltools.gnu-tools-for-stm32.9-2020-q2-update.win32_2.0.0.202105311346/tools/bin/../lib/gcc/arm-none-eabi/9.3.1/thumb/v7-m/nofp\libgcc.a
LOAD c:/st/stm32cubeide_1.7.0/stm32cubeide/plugins/com.st.stm32cube.ide.mcu.externaltools.gnu-tools-for-stm32.9-2020-q2-update.win32_2.0.0.202105311346/tools/bin/../lib/gcc/arm-none-eabi/9.3.1/../../../../arm-none-eabi/lib/thumb/v7-m/nofp\libc_nano.a
LOAD c:/st/stm32cubeide_1.7.0/stm32cubeide/plugins/com.st.stm32cube.ide.mcu.externaltools.gnu-tools-for-stm32.9-2020-q2-update.win32_2.0.0.202105311346/tools/bin/../lib/gcc/arm-none-eabi/9.3.1/../../../../arm-none-eabi/lib/thumb/v7-m/nofp\libnosys.a
END GROUP
LOAD c:/st/stm32cubeide_1.7.0/stm32cubeide/plugins/com.st.stm32cube.ide.mcu.externaltools.gnu-tools-for-stm32.9-2020-q2-update.win32_2.0.0.202105311346/tools/bin/../lib/gcc/arm-none-eabi/9.3.1/thumb/v7-m/nofp/crtend.o
LOAD c:/st/stm32cubeide_1.7.0/stm32cubeide/plugins/com.st.stm32cube.ide.mcu.externaltools.gnu-tools-for-stm32.9-2020-q2-update.win32_2.0.0.202105311346/tools/bin/../lib/gcc/arm-none-eabi/9.3.1/thumb/v7-m/nofp/crtn.o
                0x000000002000ffd8                _estack = (ORIGIN (RAM) + LENGTH (RAM))
                0x0000000000000200                _Min_Heap_Size = 0x200
                0x0000000000000400                _Min_Stack_Size = 0x400

.isr_vector     0x0000000008007000      0x1e4
                0x0000000008007000                . = ALIGN (0x4)
 *(.isr_vector)
 .isr_vector    0x0000000008007000      0x1e4 ./Core/Startup/startup_stm32f103retx.o
                0x0000000008007000                g_pfnVectors
                0x00000000080071e4                . = ALIGN (0x4)

.text           0x00000000080071e4     0x193c
                0x00000000080071e4                . = ALIGN (0x4)
 *(.text)
 .text          0x00000000080071e4       0x40 c:/st/stm32cubeide_1.7.0/stm32cubeide/plugins/com.st.stm32cube.ide.mcu.externaltools.gnu-tools-for-stm32.9-2020-q2-update.win32_2.0.0.202105311346/tools/bin/../lib/gcc/arm-none-eabi/9.3.1/thumb/v7-m/nofp/crtbegin.o
 *(.text*)
 .text.main     0x0000000008007224       0x68 ./Core/Src/main.o
                0x0000000008007224                main
 .text.SystemClock_Config
                0x000000000800728c       0x8a ./Core/Src/main.o
                0x000000000800728c                SystemClock_Config
 *fill*         0x0000000008007316        0x2 
 .text.MX_USART1_UART_Init
                0x0000000008007318       0x54 ./Core/Src/main.o
 .text.MX_GPIO_Init
                0x000000000800736c       0x98 ./Core/Src/main.o
 .text.Error_Handler
                0x0000000008007404       0x1c ./Core/Src/main.o
                0x0000000008007404                Error_Handler
 .text.HAL_MspInit
                0x0000000008007420       0x64 ./Core/Src/stm32f1xx_hal_msp.o
                0x0000000008007420                HAL_MspInit
 .text.HAL_UART_MspInit
                0x0000000008007484       0x98 ./Core/Src/stm32f1xx_hal_msp.o
                0x0000000008007484                HAL_UART_MspInit
 .text.SDTimer_Handler
                0x000000000800751c       0x44 ./Core/Src/stm32f1xx_it.o
                0x000000000800751c                SDTimer_Handler
 .text.NMI_Handler
                0x0000000008007560        0x6 ./Core/Src/stm32f1xx_it.o
                0x0000000008007560                NMI_Handler
 .text.HardFault_Handler
                0x0000000008007566        0x6 ./Core/Src/stm32f1xx_it.o
                0x0000000008007566                HardFault_Handler
 .text.MemManage_Handler
                0x000000000800756c        0x6 ./Core/Src/stm32f1xx_it.o
                0x000000000800756c                MemManage_Handler
 .text.BusFault_Handler
                0x0000000008007572        0x6 ./Core/Src/stm32f1xx_it.o
                0x0000000008007572                BusFault_Handler
 .text.UsageFault_Handler
                0x0000000008007578        0x6 ./Core/Src/stm32f1xx_it.o
                0x0000000008007578                UsageFault_Handler
 .text.SVC_Handler
                0x000000000800757e        0xc ./Core/Src/stm32f1xx_it.o
                0x000000000800757e                SVC_Handler
 .text.DebugMon_Handler
                0x000000000800758a        0xc ./Core/Src/stm32f1xx_it.o
                0x000000000800758a                DebugMon_Handler
 .text.PendSV_Handler
                0x0000000008007596        0xc ./Core/Src/stm32f1xx_it.o
                0x0000000008007596                PendSV_Handler
 *fill*         0x00000000080075a2        0x2 
 .text.SysTick_Handler
                0x00000000080075a4       0x34 ./Core/Src/stm32f1xx_it.o
                0x00000000080075a4                SysTick_Handler
 .text.SystemInit
                0x00000000080075d8       0x68 ./Core/Src/system_stm32f1xx.o
                0x00000000080075d8                SystemInit
 .text.Reset_Handler
                0x0000000008007640       0x48 ./Core/Startup/startup_stm32f103retx.o
                0x0000000008007640                Reset_Handler
 .text.Default_Handler
                0x0000000008007688        0x2 ./Core/Startup/startup_stm32f103retx.o
                0x0000000008007688                RTC_Alarm_IRQHandler
                0x0000000008007688                EXTI2_IRQHandler
                0x0000000008007688                TIM8_TRG_COM_IRQHandler
                0x0000000008007688                TIM8_CC_IRQHandler
                0x0000000008007688                TIM1_CC_IRQHandler
                0x0000000008007688                TIM6_IRQHandler
                0x0000000008007688                PVD_IRQHandler
                0x0000000008007688                SDIO_IRQHandler
                0x0000000008007688                EXTI3_IRQHandler
                0x0000000008007688                EXTI0_IRQHandler
                0x0000000008007688                I2C2_EV_IRQHandler
                0x0000000008007688                ADC1_2_IRQHandler
                0x0000000008007688                SPI1_IRQHandler
                0x0000000008007688                TAMPER_IRQHandler
                0x0000000008007688                TIM8_UP_IRQHandler
                0x0000000008007688                DMA2_Channel2_IRQHandler
                0x0000000008007688                DMA1_Channel4_IRQHandler
                0x0000000008007688                USART3_IRQHandler
                0x0000000008007688                RTC_IRQHandler
                0x0000000008007688                DMA1_Channel7_IRQHandler
                0x0000000008007688                CAN1_RX1_IRQHandler
                0x0000000008007688                UART5_IRQHandler
                0x0000000008007688                ADC3_IRQHandler
                0x0000000008007688                TIM4_IRQHandler
                0x0000000008007688                DMA2_Channel1_IRQHandler
                0x0000000008007688                I2C1_EV_IRQHandler
                0x0000000008007688                DMA1_Channel6_IRQHandler
                0x0000000008007688                UART4_IRQHandler
                0x0000000008007688                TIM3_IRQHandler
                0x0000000008007688                RCC_IRQHandler
                0x0000000008007688                TIM1_TRG_COM_IRQHandler
                0x0000000008007688                DMA1_Channel1_IRQHandler
                0x0000000008007688                Default_Handler
                0x0000000008007688                EXTI15_10_IRQHandler
                0x0000000008007688                TIM7_IRQHandler
                0x0000000008007688                TIM5_IRQHandler
                0x0000000008007688                EXTI9_5_IRQHandler
                0x0000000008007688                SPI2_IRQHandler
                0x0000000008007688                DMA1_Channel5_IRQHandler
                0x0000000008007688                EXTI4_IRQHandler
                0x0000000008007688                USB_LP_CAN1_RX0_IRQHandler
                0x0000000008007688                USB_HP_CAN1_TX_IRQHandler
                0x0000000008007688                DMA1_Channel3_IRQHandler
                0x0000000008007688                FSMC_IRQHandler
                0x0000000008007688                TIM1_UP_IRQHandler
                0x0000000008007688                WWDG_IRQHandler
                0x0000000008007688                TIM2_IRQHandler
                0x0000000008007688                TIM1_BRK_IRQHandler
                0x0000000008007688                EXTI1_IRQHandler
                0x0000000008007688                DMA2_Channel4_5_IRQHandler
                0x0000000008007688                USART2_IRQHandler
                0x0000000008007688                I2C2_ER_IRQHandler
                0x0000000008007688                DMA1_Channel2_IRQHandler
                0x0000000008007688                TIM8_BRK_IRQHandler
                0x0000000008007688                CAN1_SCE_IRQHandler
                0x0000000008007688                FLASH_IRQHandler
                0x0000000008007688                USART1_IRQHandler
                0x0000000008007688                SPI3_IRQHandler
                0x0000000008007688                I2C1_ER_IRQHandler
                0x0000000008007688                USBWakeUp_IRQHandler
                0x0000000008007688                DMA2_Channel3_IRQHandler
 *fill*         0x000000000800768a        0x2 
 .text.HAL_Init
                0x000000000800768c       0x2c ./Drivers/STM32F1xx_HAL_Driver/Src/stm32f1xx_hal.o
                0x000000000800768c                HAL_Init
 .text.HAL_InitTick
                0x00000000080076b8       0x60 ./Drivers/STM32F1xx_HAL_Driver/Src/stm32f1xx_hal.o
                0x00000000080076b8                HAL_InitTick
 .text.HAL_IncTick
                0x0000000008007718       0x24 ./Drivers/STM32F1xx_HAL_Driver/Src/stm32f1xx_hal.o
                0x0000000008007718                HAL_IncTick
 .text.HAL_GetTick
                0x000000000800773c       0x14 ./Drivers/STM32F1xx_HAL_Driver/Src/stm32f1xx_hal.o
                0x000000000800773c                HAL_GetTick
 .text.__NVIC_SetPriorityGrouping
                0x0000000008007750       0x48 ./Drivers/STM32F1xx_HAL_Driver/Src/stm32f1xx_hal_cortex.o
 .text.__NVIC_GetPriorityGrouping
                0x0000000008007798       0x1c ./Drivers/STM32F1xx_HAL_Driver/Src/stm32f1xx_hal_cortex.o
 .text.__NVIC_SetPriority
                0x00000000080077b4       0x54 ./Drivers/STM32F1xx_HAL_Driver/Src/stm32f1xx_hal_cortex.o
 .text.NVIC_EncodePriority
                0x0000000008007808       0x64 ./Drivers/STM32F1xx_HAL_Driver/Src/stm32f1xx_hal_cortex.o
 .text.SysTick_Config
                0x000000000800786c       0x44 ./Drivers/STM32F1xx_HAL_Driver/Src/stm32f1xx_hal_cortex.o
 .text.HAL_NVIC_SetPriorityGrouping
                0x00000000080078b0       0x16 ./Drivers/STM32F1xx_HAL_Driver/Src/stm32f1xx_hal_cortex.o
                0x00000000080078b0                HAL_NVIC_SetPriorityGrouping
 .text.HAL_NVIC_SetPriority
                0x00000000080078c6       0x38 ./Drivers/STM32F1xx_HAL_Driver/Src/stm32f1xx_hal_cortex.o
                0x00000000080078c6                HAL_NVIC_SetPriority
 .text.HAL_SYSTICK_Config
                0x00000000080078fe       0x18 ./Drivers/STM32F1xx_HAL_Driver/Src/stm32f1xx_hal_cortex.o
                0x00000000080078fe                HAL_SYSTICK_Config
 *fill*         0x0000000008007916        0x2 
 .text.HAL_GPIO_Init
                0x0000000008007918      0x328 ./Drivers/STM32F1xx_HAL_Driver/Src/stm32f1xx_hal_gpio.o
                0x0000000008007918                HAL_GPIO_Init
 .text.HAL_GPIO_WritePin
                0x0000000008007c40       0x30 ./Drivers/STM32F1xx_HAL_Driver/Src/stm32f1xx_hal_gpio.o
                0x0000000008007c40                HAL_GPIO_WritePin
 .text.HAL_RCC_OscConfig
                0x0000000008007c70      0x500 ./Drivers/STM32F1xx_HAL_Driver/Src/stm32f1xx_hal_rcc.o
                0x0000000008007c70                HAL_RCC_OscConfig
 .text.HAL_RCC_ClockConfig
                0x0000000008008170      0x1d4 ./Drivers/STM32F1xx_HAL_Driver/Src/stm32f1xx_hal_rcc.o
                0x0000000008008170                HAL_RCC_ClockConfig
 .text.HAL_RCC_GetSysClockFreq
                0x0000000008008344       0xc0 ./Drivers/STM32F1xx_HAL_Driver/Src/stm32f1xx_hal_rcc.o
                0x0000000008008344                HAL_RCC_GetSysClockFreq
 .text.HAL_RCC_GetHCLKFreq
                0x0000000008008404       0x14 ./Drivers/STM32F1xx_HAL_Driver/Src/stm32f1xx_hal_rcc.o
                0x0000000008008404                HAL_RCC_GetHCLKFreq
 .text.HAL_RCC_GetPCLK1Freq
                0x0000000008008418       0x28 ./Drivers/STM32F1xx_HAL_Driver/Src/stm32f1xx_hal_rcc.o
                0x0000000008008418                HAL_RCC_GetPCLK1Freq
 .text.HAL_RCC_GetPCLK2Freq
                0x0000000008008440       0x28 ./Drivers/STM32F1xx_HAL_Driver/Src/stm32f1xx_hal_rcc.o
                0x0000000008008440                HAL_RCC_GetPCLK2Freq
 .text.RCC_Delay
                0x0000000008008468       0x3c ./Drivers/STM32F1xx_HAL_Driver/Src/stm32f1xx_hal_rcc.o
 .text.HAL_UART_Init
                0x00000000080084a4       0x9a ./Drivers/STM32F1xx_HAL_Driver/Src/stm32f1xx_hal_uart.o
                0x00000000080084a4                HAL_UART_Init
 .text.HAL_UART_Transmit
                0x000000000800853e      0x124 ./Drivers/STM32F1xx_HAL_Driver/Src/stm32f1xx_hal_uart.o
                0x000000000800853e                HAL_UART_Transmit
 .text.HAL_UART_Receive
                0x0000000008008662      0x144 ./Drivers/STM32F1xx_HAL_Driver/Src/stm32f1xx_hal_uart.o
                0x0000000008008662                HAL_UART_Receive
 .text.UART_WaitOnFlagUntilTimeout
                0x00000000080087a6       0x94 ./Drivers/STM32F1xx_HAL_Driver/Src/stm32f1xx_hal_uart.o
 *fill*         0x000000000800883a        0x2 
 .text.UART_SetConfig
                0x000000000800883c      0x11c ./Drivers/STM32F1xx_HAL_Driver/Src/stm32f1xx_hal_uart.o
 .text.MX_FATFS_Init
                0x0000000008008958       0x24 ./FATFS/App/fatfs.o
                0x0000000008008958                MX_FATFS_Init
 .text.USER_initialize
                0x000000000800897c       0x16 ./FATFS/Target/user_diskio.o
                0x000000000800897c                USER_initialize
 .text.USER_status
                0x0000000008008992       0x16 ./FATFS/Target/user_diskio.o
                0x0000000008008992                USER_status
 .text.USER_read
                0x00000000080089a8       0x1c ./FATFS/Target/user_diskio.o
                0x00000000080089a8                USER_read
 .text.USER_write
                0x00000000080089c4       0x1c ./FATFS/Target/user_diskio.o
                0x00000000080089c4                USER_write
 .text.USER_ioctl
                0x00000000080089e0       0x1c ./FATFS/Target/user_diskio.o
                0x00000000080089e0                USER_ioctl
 .text.FATFS_LinkDriverEx
                0x00000000080089fc       0x94 ./Middlewares/Third_Party/FatFs/src/ff_gen_drv.o
                0x00000000080089fc                FATFS_LinkDriverEx
 .text.FATFS_LinkDriver
                0x0000000008008a90       0x1e ./Middlewares/Third_Party/FatFs/src/ff_gen_drv.o
                0x0000000008008a90                FATFS_LinkDriver
 *fill*         0x0000000008008aae        0x2 
 .text.__libc_init_array
                0x0000000008008ab0       0x48 c:/st/stm32cubeide_1.7.0/stm32cubeide/plugins/com.st.stm32cube.ide.mcu.externaltools.gnu-tools-for-stm32.9-2020-q2-update.win32_2.0.0.202105311346/tools/bin/../lib/gcc/arm-none-eabi/9.3.1/../../../../arm-none-eabi/lib/thumb/v7-m/nofp\libc_nano.a(lib_a-init.o)
                0x0000000008008ab0                __libc_init_array
 .text.memset   0x0000000008008af8       0x10 c:/st/stm32cubeide_1.7.0/stm32cubeide/plugins/com.st.stm32cube.ide.mcu.externaltools.gnu-tools-for-stm32.9-2020-q2-update.win32_2.0.0.202105311346/tools/bin/../lib/gcc/arm-none-eabi/9.3.1/../../../../arm-none-eabi/lib/thumb/v7-m/nofp\libc_nano.a(lib_a-memset.o)
                0x0000000008008af8                memset
 *(.glue_7)
 .glue_7        0x0000000008008b08        0x0 linker stubs
 *(.glue_7t)
 .glue_7t       0x0000000008008b08        0x0 linker stubs
 *(.eh_frame)
 .eh_frame      0x0000000008008b08        0x0 c:/st/stm32cubeide_1.7.0/stm32cubeide/plugins/com.st.stm32cube.ide.mcu.externaltools.gnu-tools-for-stm32.9-2020-q2-update.win32_2.0.0.202105311346/tools/bin/../lib/gcc/arm-none-eabi/9.3.1/thumb/v7-m/nofp/crtbegin.o
 *(.init)
 .init          0x0000000008008b08        0x4 c:/st/stm32cubeide_1.7.0/stm32cubeide/plugins/com.st.stm32cube.ide.mcu.externaltools.gnu-tools-for-stm32.9-2020-q2-update.win32_2.0.0.202105311346/tools/bin/../lib/gcc/arm-none-eabi/9.3.1/thumb/v7-m/nofp/crti.o
                0x0000000008008b08                _init
 .init          0x0000000008008b0c        0x8 c:/st/stm32cubeide_1.7.0/stm32cubeide/plugins/com.st.stm32cube.ide.mcu.externaltools.gnu-tools-for-stm32.9-2020-q2-update.win32_2.0.0.202105311346/tools/bin/../lib/gcc/arm-none-eabi/9.3.1/thumb/v7-m/nofp/crtn.o
 *(.fini)
 .fini          0x0000000008008b14        0x4 c:/st/stm32cubeide_1.7.0/stm32cubeide/plugins/com.st.stm32cube.ide.mcu.externaltools.gnu-tools-for-stm32.9-2020-q2-update.win32_2.0.0.202105311346/tools/bin/../lib/gcc/arm-none-eabi/9.3.1/thumb/v7-m/nofp/crti.o
                0x0000000008008b14                _fini
 .fini          0x0000000008008b18        0x8 c:/st/stm32cubeide_1.7.0/stm32cubeide/plugins/com.st.stm32cube.ide.mcu.externaltools.gnu-tools-for-stm32.9-2020-q2-update.win32_2.0.0.202105311346/tools/bin/../lib/gcc/arm-none-eabi/9.3.1/thumb/v7-m/nofp/crtn.o
                0x0000000008008b20                . = ALIGN (0x4)
                0x0000000008008b20                _etext = .

.vfp11_veneer   0x0000000008008b20        0x0
 .vfp11_veneer  0x0000000008008b20        0x0 linker stubs

.v4_bx          0x0000000008008b20        0x0
 .v4_bx         0x0000000008008b20        0x0 linker stubs

.iplt           0x0000000008008b20        0x0
 .iplt          0x0000000008008b20        0x0 c:/st/stm32cubeide_1.7.0/stm32cubeide/plugins/com.st.stm32cube.ide.mcu.externaltools.gnu-tools-for-stm32.9-2020-q2-update.win32_2.0.0.202105311346/tools/bin/../lib/gcc/arm-none-eabi/9.3.1/thumb/v7-m/nofp/crtbegin.o

.rodata         0x0000000008008b20       0x38
                0x0000000008008b20                . = ALIGN (0x4)
 *(.rodata)
 .rodata        0x0000000008008b20        0xd ./Core/Src/main.o
 *fill*         0x0000000008008b2d        0x3 
 .rodata        0x0000000008008b30       0x10 ./Drivers/STM32F1xx_HAL_Driver/Src/stm32f1xx_hal_rcc.o
 *(.rodata*)
 .rodata.AHBPrescTable
                0x0000000008008b40       0x10 ./Core/Src/system_stm32f1xx.o
                0x0000000008008b40                AHBPrescTable
 .rodata.APBPrescTable
                0x0000000008008b50        0x8 ./Core/Src/system_stm32f1xx.o
                0x0000000008008b50                APBPrescTable
                0x0000000008008b58                . = ALIGN (0x4)

.rel.dyn        0x0000000008008b58        0x0
 .rel.iplt      0x0000000008008b58        0x0 c:/st/stm32cubeide_1.7.0/stm32cubeide/plugins/com.st.stm32cube.ide.mcu.externaltools.gnu-tools-for-stm32.9-2020-q2-update.win32_2.0.0.202105311346/tools/bin/../lib/gcc/arm-none-eabi/9.3.1/thumb/v7-m/nofp/crtbegin.o

.ARM.extab      0x0000000008008b58        0x0
                0x0000000008008b58                . = ALIGN (0x4)
 *(.ARM.extab* .gnu.linkonce.armextab.*)
                0x0000000008008b58                . = ALIGN (0x4)

.ARM            0x0000000008008b58        0x0
                0x0000000008008b58                . = ALIGN (0x4)
                0x0000000008008b58                __exidx_start = .
 *(.ARM.exidx*)
                0x0000000008008b58                __exidx_end = .
                0x0000000008008b58                . = ALIGN (0x4)

.preinit_array  0x0000000008008b58        0x0
                0x0000000008008b58                . = ALIGN (0x4)
                0x0000000008008b58                PROVIDE (__preinit_array_start = .)
 *(.preinit_array*)
                0x0000000008008b58                PROVIDE (__preinit_array_end = .)
                0x0000000008008b58                . = ALIGN (0x4)

.init_array     0x0000000008008b58        0x4
                0x0000000008008b58                . = ALIGN (0x4)
                0x0000000008008b58                PROVIDE (__init_array_start = .)
 *(SORT_BY_NAME(.init_array.*))
 *(.init_array*)
 .init_array    0x0000000008008b58        0x4 c:/st/stm32cubeide_1.7.0/stm32cubeide/plugins/com.st.stm32cube.ide.mcu.externaltools.gnu-tools-for-stm32.9-2020-q2-update.win32_2.0.0.202105311346/tools/bin/../lib/gcc/arm-none-eabi/9.3.1/thumb/v7-m/nofp/crtbegin.o
                0x0000000008008b5c                PROVIDE (__init_array_end = .)
                0x0000000008008b5c                . = ALIGN (0x4)

.fini_array     0x0000000008008b5c        0x4
                0x0000000008008b5c                . = ALIGN (0x4)
                [!provide]                        PROVIDE (__fini_array_start = .)
 *(SORT_BY_NAME(.fini_array.*))
 *(.fini_array*)
 .fini_array    0x0000000008008b5c        0x4 c:/st/stm32cubeide_1.7.0/stm32cubeide/plugins/com.st.stm32cube.ide.mcu.externaltools.gnu-tools-for-stm32.9-2020-q2-update.win32_2.0.0.202105311346/tools/bin/../lib/gcc/arm-none-eabi/9.3.1/thumb/v7-m/nofp/crtbegin.o
                [!provide]                        PROVIDE (__fini_array_end = .)
                0x0000000008008b60                . = ALIGN (0x4)
                0x0000000008008b60                _sidata = LOADADDR (.data)

.data           0x0000000020000000       0x20 load address 0x0000000008008b60
                0x0000000020000000                . = ALIGN (0x4)
                0x0000000020000000                _sdata = .
 *(.data)
 *(.data*)
 .data.SystemCoreClock
                0x0000000020000000        0x4 ./Core/Src/system_stm32f1xx.o
                0x0000000020000000                SystemCoreClock
 .data.uwTickPrio
                0x0000000020000004        0x4 ./Drivers/STM32F1xx_HAL_Driver/Src/stm32f1xx_hal.o
                0x0000000020000004                uwTickPrio
 .data.uwTickFreq
                0x0000000020000008        0x1 ./Drivers/STM32F1xx_HAL_Driver/Src/stm32f1xx_hal.o
                0x0000000020000008                uwTickFreq
 *fill*         0x0000000020000009        0x3 
 .data.USER_Driver
                0x000000002000000c       0x14 ./FATFS/Target/user_diskio.o
                0x000000002000000c                USER_Driver
 *(.RamFunc)
 *(.RamFunc*)
                0x0000000020000020                . = ALIGN (0x4)
                0x0000000020000020                _edata = .

.igot.plt       0x0000000020000020        0x0 load address 0x0000000008008b80
 .igot.plt      0x0000000020000020        0x0 c:/st/stm32cubeide_1.7.0/stm32cubeide/plugins/com.st.stm32cube.ide.mcu.externaltools.gnu-tools-for-stm32.9-2020-q2-update.win32_2.0.0.202105311346/tools/bin/../lib/gcc/arm-none-eabi/9.3.1/thumb/v7-m/nofp/crtbegin.o
                0x0000000020000020                . = ALIGN (0x4)

.bss            0x0000000020000020     0x20dc load address 0x0000000008008b80
                0x0000000020000020                _sbss = .
                0x0000000020000020                __bss_start__ = _sbss
 *(.bss)
 .bss           0x0000000020000020       0x1c c:/st/stm32cubeide_1.7.0/stm32cubeide/plugins/com.st.stm32cube.ide.mcu.externaltools.gnu-tools-for-stm32.9-2020-q2-update.win32_2.0.0.202105311346/tools/bin/../lib/gcc/arm-none-eabi/9.3.1/thumb/v7-m/nofp/crtbegin.o
 *(.bss*)
 .bss.FatFsCnt  0x000000002000003c        0x1 ./Core/Src/stm32f1xx_it.o
                0x000000002000003c                FatFsCnt
 *fill*         0x000000002000003d        0x3 
 .bss.disk      0x0000000020000040        0xc ./Middlewares/Third_Party/FatFs/src/ff_gen_drv.o
                0x0000000020000040                disk
 *(COMMON)
 COMMON         0x000000002000004c       0x44 ./Core/Src/main.o
                0x000000002000004c                huart1
 COMMON         0x0000000020000090        0x2 ./Core/Src/stm32f1xx_it.o
                0x0000000020000090                Timer2
                0x0000000020000091                Timer1
 *fill*         0x0000000020000092        0x2 
 COMMON         0x0000000020000094        0x4 ./Drivers/STM32F1xx_HAL_Driver/Src/stm32f1xx_hal.o
                0x0000000020000094                uwTick
 COMMON         0x0000000020000098     0x2064 ./FATFS/App/fatfs.o
                0x0000000020000098                USERPath
                0x000000002000009c                retUSER
                0x00000000200000a0                USERFile
                0x00000000200010cc                USERFatFS
                0x00000000200020fc                . = ALIGN (0x4)
                0x00000000200020fc                _ebss = .
                0x00000000200020fc                __bss_end__ = _ebss

._user_heap_stack
                0x00000000200020fc      0x604 load address 0x0000000008008b80
                0x0000000020002100                . = ALIGN (0x8)
 *fill*         0x00000000200020fc        0x4 
                [!provide]                        PROVIDE (end = .)
                0x0000000020002100                PROVIDE (_end = .)
                0x0000000020002300                . = (. + _Min_Heap_Size)
 *fill*         0x0000000020002100      0x200 
                0x0000000020002700                . = (. + _Min_Stack_Size)
 *fill*         0x0000000020002300      0x400 
                0x0000000020002700                . = ALIGN (0x8)

/DISCARD/
 libc.a(*)
 libm.a(*)
 libgcc.a(*)

.ARM.attributes
                0x0000000000000000       0x29
 *(.ARM.attributes)
 .ARM.attributes
                0x0000000000000000       0x1d c:/st/stm32cubeide_1.7.0/stm32cubeide/plugins/com.st.stm32cube.ide.mcu.externaltools.gnu-tools-for-stm32.9-2020-q2-update.win32_2.0.0.202105311346/tools/bin/../lib/gcc/arm-none-eabi/9.3.1/thumb/v7-m/nofp/crti.o
 .ARM.attributes
                0x000000000000001d       0x2d c:/st/stm32cubeide_1.7.0/stm32cubeide/plugins/com.st.stm32cube.ide.mcu.externaltools.gnu-tools-for-stm32.9-2020-q2-update.win32_2.0.0.202105311346/tools/bin/../lib/gcc/arm-none-eabi/9.3.1/thumb/v7-m/nofp/crtbegin.o
 .ARM.attributes
                0x000000000000004a       0x2d ./Core/Src/main.o
 .ARM.attributes
                0x0000000000000077       0x2d ./Core/Src/stm32f1xx_hal_msp.o
 .ARM.attributes
                0x00000000000000a4       0x2d ./Core/Src/stm32f1xx_it.o
 .ARM.attributes
                0x00000000000000d1       0x2d ./Core/Src/system_stm32f1xx.o
 .ARM.attributes
                0x00000000000000fe       0x21 ./Core/Startup/startup_stm32f103retx.o
 .ARM.attributes
                0x000000000000011f       0x2d ./Drivers/STM32F1xx_HAL_Driver/Src/stm32f1xx_hal.o
 .ARM.attributes
                0x000000000000014c       0x2d ./Drivers/STM32F1xx_HAL_Driver/Src/stm32f1xx_hal_cortex.o
 .ARM.attributes
                0x0000000000000179       0x2d ./Drivers/STM32F1xx_HAL_Driver/Src/stm32f1xx_hal_gpio.o
 .ARM.attributes
                0x00000000000001a6       0x2d ./Drivers/STM32F1xx_HAL_Driver/Src/stm32f1xx_hal_rcc.o
 .ARM.attributes
                0x00000000000001d3       0x2d ./Drivers/STM32F1xx_HAL_Driver/Src/stm32f1xx_hal_uart.o
 .ARM.attributes
                0x0000000000000200       0x2d ./FATFS/App/fatfs.o
 .ARM.attributes
                0x000000000000022d       0x2d ./FATFS/Target/user_diskio.o
 .ARM.attributes
                0x000000000000025a       0x2d ./Middlewares/Third_Party/FatFs/src/ff_gen_drv.o
 .ARM.attributes
                0x0000000000000287       0x2d c:/st/stm32cubeide_1.7.0/stm32cubeide/plugins/com.st.stm32cube.ide.mcu.externaltools.gnu-tools-for-stm32.9-2020-q2-update.win32_2.0.0.202105311346/tools/bin/../lib/gcc/arm-none-eabi/9.3.1/../../../../arm-none-eabi/lib/thumb/v7-m/nofp\libc_nano.a(lib_a-init.o)
 .ARM.attributes
                0x00000000000002b4       0x2d c:/st/stm32cubeide_1.7.0/stm32cubeide/plugins/com.st.stm32cube.ide.mcu.externaltools.gnu-tools-for-stm32.9-2020-q2-update.win32_2.0.0.202105311346/tools/bin/../lib/gcc/arm-none-eabi/9.3.1/../../../../arm-none-eabi/lib/thumb/v7-m/nofp\libc_nano.a(lib_a-memset.o)
 .ARM.attributes
                0x00000000000002e1       0x1d c:/st/stm32cubeide_1.7.0/stm32cubeide/plugins/com.st.stm32cube.ide.mcu.externaltools.gnu-tools-for-stm32.9-2020-q2-update.win32_2.0.0.202105311346/tools/bin/../lib/gcc/arm-none-eabi/9.3.1/thumb/v7-m/nofp/crtn.o
OUTPUT(Creality v4.2.7_Silent board.elf elf32-littlearm)
LOAD linker stubs
LOAD c:/st/stm32cubeide_1.7.0/stm32cubeide/plugins/com.st.stm32cube.ide.mcu.externaltools.gnu-tools-for-stm32.9-2020-q2-update.win32_2.0.0.202105311346/tools/bin/../lib/gcc/arm-none-eabi/9.3.1/../../../../arm-none-eabi/lib/thumb/v7-m/nofp\libc.a
LOAD c:/st/stm32cubeide_1.7.0/stm32cubeide/plugins/com.st.stm32cube.ide.mcu.externaltools.gnu-tools-for-stm32.9-2020-q2-update.win32_2.0.0.202105311346/tools/bin/../lib/gcc/arm-none-eabi/9.3.1/../../../../arm-none-eabi/lib/thumb/v7-m/nofp\libm.a
LOAD c:/st/stm32cubeide_1.7.0/stm32cubeide/plugins/com.st.stm32cube.ide.mcu.externaltools.gnu-tools-for-stm32.9-2020-q2-update.win32_2.0.0.202105311346/tools/bin/../lib/gcc/arm-none-eabi/9.3.1/thumb/v7-m/nofp\libgcc.a

.debug_info     0x0000000000000000     0x7801
 .debug_info    0x0000000000000000     0x16f7 ./Core/Src/main.o
 .debug_info    0x00000000000016f7      0x8d7 ./Core/Src/stm32f1xx_hal_msp.o
 .debug_info    0x0000000000001fce      0x26f ./Core/Src/stm32f1xx_it.o
 .debug_info    0x000000000000223d      0x47d ./Core/Src/system_stm32f1xx.o
 .debug_info    0x00000000000026ba       0x22 ./Core/Startup/startup_stm32f103retx.o
 .debug_info    0x00000000000026dc      0x7d0 ./Drivers/STM32F1xx_HAL_Driver/Src/stm32f1xx_hal.o
 .debug_info    0x0000000000002eac      0xc42 ./Drivers/STM32F1xx_HAL_Driver/Src/stm32f1xx_hal_cortex.o
 .debug_info    0x0000000000003aee      0x701 ./Drivers/STM32F1xx_HAL_Driver/Src/stm32f1xx_hal_gpio.o
 .debug_info    0x00000000000041ef      0x88e ./Drivers/STM32F1xx_HAL_Driver/Src/stm32f1xx_hal_rcc.o
 .debug_info    0x0000000000004a7d     0x161a ./Drivers/STM32F1xx_HAL_Driver/Src/stm32f1xx_hal_uart.o
 .debug_info    0x0000000000006097      0x5f7 ./FATFS/App/fatfs.o
 .debug_info    0x000000000000668e      0xcde ./FATFS/Target/user_diskio.o
 .debug_info    0x000000000000736c      0x495 ./Middlewares/Third_Party/FatFs/src/ff_gen_drv.o

.debug_abbrev   0x0000000000000000     0x1837
 .debug_abbrev  0x0000000000000000      0x2ea ./Core/Src/main.o
 .debug_abbrev  0x00000000000002ea      0x1ac ./Core/Src/stm32f1xx_hal_msp.o
 .debug_abbrev  0x0000000000000496       0xe5 ./Core/Src/stm32f1xx_it.o
 .debug_abbrev  0x000000000000057b      0x14e ./Core/Src/system_stm32f1xx.o
 .debug_abbrev  0x00000000000006c9       0x12 ./Core/Startup/startup_stm32f103retx.o
 .debug_abbrev  0x00000000000006db      0x1ed ./Drivers/STM32F1xx_HAL_Driver/Src/stm32f1xx_hal.o
 .debug_abbrev  0x00000000000008c8      0x313 ./Drivers/STM32F1xx_HAL_Driver/Src/stm32f1xx_hal_cortex.o
 .debug_abbrev  0x0000000000000bdb      0x1e8 ./Drivers/STM32F1xx_HAL_Driver/Src/stm32f1xx_hal_gpio.o
 .debug_abbrev  0x0000000000000dc3      0x273 ./Drivers/STM32F1xx_HAL_Driver/Src/stm32f1xx_hal_rcc.o
 .debug_abbrev  0x0000000000001036      0x28b ./Drivers/STM32F1xx_HAL_Driver/Src/stm32f1xx_hal_uart.o
 .debug_abbrev  0x00000000000012c1      0x19d ./FATFS/App/fatfs.o
 .debug_abbrev  0x000000000000145e      0x21d ./FATFS/Target/user_diskio.o
 .debug_abbrev  0x000000000000167b      0x1bc ./Middlewares/Third_Party/FatFs/src/ff_gen_drv.o

.debug_aranges  0x0000000000000000      0x6a0
 .debug_aranges
                0x0000000000000000       0x48 ./Core/Src/main.o
 .debug_aranges
                0x0000000000000048       0x30 ./Core/Src/stm32f1xx_hal_msp.o
 .debug_aranges
                0x0000000000000078       0x68 ./Core/Src/stm32f1xx_it.o
 .debug_aranges
                0x00000000000000e0       0x28 ./Core/Src/system_stm32f1xx.o
 .debug_aranges
                0x0000000000000108       0x28 ./Core/Startup/startup_stm32f103retx.o
 .debug_aranges
                0x0000000000000130       0xe0 ./Drivers/STM32F1xx_HAL_Driver/Src/stm32f1xx_hal.o
 .debug_aranges
                0x0000000000000210      0x100 ./Drivers/STM32F1xx_HAL_Driver/Src/stm32f1xx_hal_cortex.o
 .debug_aranges
                0x0000000000000310       0x58 ./Drivers/STM32F1xx_HAL_Driver/Src/stm32f1xx_hal_gpio.o
 .debug_aranges
                0x0000000000000368       0x90 ./Drivers/STM32F1xx_HAL_Driver/Src/stm32f1xx_hal_rcc.o
 .debug_aranges
                0x00000000000003f8      0x200 ./Drivers/STM32F1xx_HAL_Driver/Src/stm32f1xx_hal_uart.o
 .debug_aranges
                0x00000000000005f8       0x28 ./FATFS/App/fatfs.o
 .debug_aranges
                0x0000000000000620       0x40 ./FATFS/Target/user_diskio.o
 .debug_aranges
                0x0000000000000660       0x40 ./Middlewares/Third_Party/FatFs/src/ff_gen_drv.o

.debug_ranges   0x0000000000000000      0x608
 .debug_ranges  0x0000000000000000       0x38 ./Core/Src/main.o
 .debug_ranges  0x0000000000000038       0x20 ./Core/Src/stm32f1xx_hal_msp.o
 .debug_ranges  0x0000000000000058       0x58 ./Core/Src/stm32f1xx_it.o
 .debug_ranges  0x00000000000000b0       0x18 ./Core/Src/system_stm32f1xx.o
 .debug_ranges  0x00000000000000c8       0x20 ./Core/Startup/startup_stm32f103retx.o
 .debug_ranges  0x00000000000000e8       0xd0 ./Drivers/STM32F1xx_HAL_Driver/Src/stm32f1xx_hal.o
 .debug_ranges  0x00000000000001b8       0xf0 ./Drivers/STM32F1xx_HAL_Driver/Src/stm32f1xx_hal_cortex.o
 .debug_ranges  0x00000000000002a8       0x48 ./Drivers/STM32F1xx_HAL_Driver/Src/stm32f1xx_hal_gpio.o
 .debug_ranges  0x00000000000002f0       0x80 ./Drivers/STM32F1xx_HAL_Driver/Src/stm32f1xx_hal_rcc.o
 .debug_ranges  0x0000000000000370      0x220 ./Drivers/STM32F1xx_HAL_Driver/Src/stm32f1xx_hal_uart.o
 .debug_ranges  0x0000000000000590       0x18 ./FATFS/App/fatfs.o
 .debug_ranges  0x00000000000005a8       0x30 ./FATFS/Target/user_diskio.o
 .debug_ranges  0x00000000000005d8       0x30 ./Middlewares/Third_Party/FatFs/src/ff_gen_drv.o

.debug_macro    0x0000000000000000    0x190ea
 .debug_macro   0x0000000000000000      0x2b3 ./Core/Src/main.o
 .debug_macro   0x00000000000002b3      0xa9c ./Core/Src/main.o
 .debug_macro   0x0000000000000d4f      0x215 ./Core/Src/main.o
 .debug_macro   0x0000000000000f64       0x2e ./Core/Src/main.o
 .debug_macro   0x0000000000000f92       0x22 ./Core/Src/main.o
 .debug_macro   0x0000000000000fb4       0x22 ./Core/Src/main.o
 .debug_macro   0x0000000000000fd6       0x8e ./Core/Src/main.o
 .debug_macro   0x0000000000001064       0x51 ./Core/Src/main.o
 .debug_macro   0x00000000000010b5      0x103 ./Core/Src/main.o
 .debug_macro   0x00000000000011b8       0x6a ./Core/Src/main.o
 .debug_macro   0x0000000000001222      0x1df ./Core/Src/main.o
 .debug_macro   0x0000000000001401       0x1c ./Core/Src/main.o
 .debug_macro   0x000000000000141d       0x22 ./Core/Src/main.o
 .debug_macro   0x000000000000143f       0xc3 ./Core/Src/main.o
 .debug_macro   0x0000000000001502      0xd23 ./Core/Src/main.o
 .debug_macro   0x0000000000002225     0xfd8c ./Core/Src/main.o
 .debug_macro   0x0000000000011fb1       0x6d ./Core/Src/main.o
 .debug_macro   0x000000000001201e     0x3468 ./Core/Src/main.o
 .debug_macro   0x0000000000015486      0x174 ./Core/Src/main.o
 .debug_macro   0x00000000000155fa       0x5c ./Core/Src/main.o
 .debug_macro   0x0000000000015656      0x5be ./Core/Src/main.o
 .debug_macro   0x0000000000015c14      0x4d5 ./Core/Src/main.o
 .debug_macro   0x00000000000160e9      0x1cb ./Core/Src/main.o
 .debug_macro   0x00000000000162b4      0x114 ./Core/Src/main.o
 .debug_macro   0x00000000000163c8      0x1ea ./Core/Src/main.o
 .debug_macro   0x00000000000165b2       0x27 ./Core/Src/main.o
 .debug_macro   0x00000000000165d9      0x144 ./Core/Src/main.o
 .debug_macro   0x000000000001671d      0x1bc ./Core/Src/main.o
 .debug_macro   0x00000000000168d9       0x30 ./Core/Src/main.o
 .debug_macro   0x0000000000016909       0x3c ./Core/Src/main.o
 .debug_macro   0x0000000000016945       0x57 ./Core/Src/main.o
 .debug_macro   0x000000000001699c       0x88 ./Core/Src/main.o
 .debug_macro   0x0000000000016a24      0x24f ./Core/Src/main.o
 .debug_macro   0x0000000000016c73      0x141 ./Core/Src/main.o
 .debug_macro   0x0000000000016db4      0x279 ./Core/Src/main.o
 .debug_macro   0x000000000001702d       0xb5 ./Core/Src/main.o
 .debug_macro   0x00000000000170e2       0xde ./Core/Src/main.o
 .debug_macro   0x00000000000171c0       0xf5 ./Core/Src/main.o
 .debug_macro   0x00000000000172b5       0x8e ./Core/Src/main.o
 .debug_macro   0x0000000000017343       0x52 ./Core/Src/main.o
 .debug_macro   0x0000000000017395       0x18 ./Core/Src/main.o
 .debug_macro   0x00000000000173ad       0x3c ./Core/Src/main.o
 .debug_macro   0x00000000000173e9       0x34 ./Core/Src/main.o
 .debug_macro   0x000000000001741d       0x16 ./Core/Src/main.o
 .debug_macro   0x0000000000017433       0x43 ./Core/Src/main.o
 .debug_macro   0x0000000000017476       0x34 ./Core/Src/main.o
 .debug_macro   0x00000000000174aa       0x10 ./Core/Src/main.o
 .debug_macro   0x00000000000174ba       0x58 ./Core/Src/main.o
 .debug_macro   0x0000000000017512       0x71 ./Core/Src/main.o
 .debug_macro   0x0000000000017583       0x1c ./Core/Src/main.o
 .debug_macro   0x000000000001759f      0x12a ./Core/Src/main.o
 .debug_macro   0x00000000000176c9      0x333 ./Core/Src/main.o
 .debug_macro   0x00000000000179fc       0x10 ./Core/Src/main.o
 .debug_macro   0x0000000000017a0c       0x35 ./Core/Src/main.o
 .debug_macro   0x0000000000017a41       0x20 ./Core/Src/main.o
 .debug_macro   0x0000000000017a61      0x198 ./Core/Src/stm32f1xx_hal_msp.o
 .debug_macro   0x0000000000017bf9      0x1a2 ./Core/Src/stm32f1xx_it.o
 .debug_macro   0x0000000000017d9b      0x194 ./Core/Src/system_stm32f1xx.o
 .debug_macro   0x0000000000017f2f      0x1b2 ./Drivers/STM32F1xx_HAL_Driver/Src/stm32f1xx_hal.o
 .debug_macro   0x00000000000180e1      0x18e ./Drivers/STM32F1xx_HAL_Driver/Src/stm32f1xx_hal_cortex.o
 .debug_macro   0x000000000001826f      0x1f9 ./Drivers/STM32F1xx_HAL_Driver/Src/stm32f1xx_hal_gpio.o
 .debug_macro   0x0000000000018468      0x1a0 ./Drivers/STM32F1xx_HAL_Driver/Src/stm32f1xx_hal_rcc.o
 .debug_macro   0x0000000000018608      0x18f ./Drivers/STM32F1xx_HAL_Driver/Src/stm32f1xx_hal_uart.o
 .debug_macro   0x0000000000018797      0x1eb ./FATFS/App/fatfs.o
 .debug_macro   0x0000000000018982       0xd8 ./FATFS/App/fatfs.o
 .debug_macro   0x0000000000018a5a      0x2a9 ./FATFS/Target/user_diskio.o
 .debug_macro   0x0000000000018d03       0x16 ./FATFS/Target/user_diskio.o
 .debug_macro   0x0000000000018d19       0x7c ./FATFS/Target/user_diskio.o
 .debug_macro   0x0000000000018d95       0xbd ./FATFS/Target/user_diskio.o
 .debug_macro   0x0000000000018e52       0x56 ./FATFS/Target/user_diskio.o
 .debug_macro   0x0000000000018ea8       0x6a ./FATFS/Target/user_diskio.o
 .debug_macro   0x0000000000018f12      0x1d8 ./Middlewares/Third_Party/FatFs/src/ff_gen_drv.o

.debug_line     0x0000000000000000     0x79c2
 .debug_line    0x0000000000000000      0x952 ./Core/Src/main.o
 .debug_line    0x0000000000000952      0x6a0 ./Core/Src/stm32f1xx_hal_msp.o
 .debug_line    0x0000000000000ff2      0x743 ./Core/Src/stm32f1xx_it.o
 .debug_line    0x0000000000001735      0x6e7 ./Core/Src/system_stm32f1xx.o
 .debug_line    0x0000000000001e1c       0x87 ./Core/Startup/startup_stm32f103retx.o
 .debug_line    0x0000000000001ea3      0x8f7 ./Drivers/STM32F1xx_HAL_Driver/Src/stm32f1xx_hal.o
 .debug_line    0x000000000000279a      0xadf ./Drivers/STM32F1xx_HAL_Driver/Src/stm32f1xx_hal_cortex.o
 .debug_line    0x0000000000003279      0x9b6 ./Drivers/STM32F1xx_HAL_Driver/Src/stm32f1xx_hal_gpio.o
 .debug_line    0x0000000000003c2f      0xd05 ./Drivers/STM32F1xx_HAL_Driver/Src/stm32f1xx_hal_rcc.o
 .debug_line    0x0000000000004934     0x19d2 ./Drivers/STM32F1xx_HAL_Driver/Src/stm32f1xx_hal_uart.o
 .debug_line    0x0000000000006306      0x6e7 ./FATFS/App/fatfs.o
 .debug_line    0x00000000000069ed      0x860 ./FATFS/Target/user_diskio.o
 .debug_line    0x000000000000724d      0x775 ./Middlewares/Third_Party/FatFs/src/ff_gen_drv.o

.debug_str      0x0000000000000000    0x9002c
 .debug_str     0x0000000000000000    0x8e72b ./Core/Src/main.o
                                      0x8ec20 (size before relaxing)
 .debug_str     0x000000000008e72b       0x84 ./Core/Src/stm32f1xx_hal_msp.o
                                      0x8afa3 (size before relaxing)
 .debug_str     0x000000000008e7af       0xe4 ./Core/Src/stm32f1xx_it.o
                                      0x8abba (size before relaxing)
 .debug_str     0x000000000008e893       0xc2 ./Core/Src/system_stm32f1xx.o
                                      0x8abdd (size before relaxing)
 .debug_str     0x000000000008e955       0x36 ./Core/Startup/startup_stm32f103retx.o
                                         0x82 (size before relaxing)
 .debug_str     0x000000000008e98b      0x600 ./Drivers/STM32F1xx_HAL_Driver/Src/stm32f1xx_hal.o
                                      0x8b2d8 (size before relaxing)
 .debug_str     0x000000000008ef8b      0x2ac ./Drivers/STM32F1xx_HAL_Driver/Src/stm32f1xx_hal_cortex.o
                                      0x8b2e0 (size before relaxing)
 .debug_str     0x000000000008f237      0x324 ./Drivers/STM32F1xx_HAL_Driver/Src/stm32f1xx_hal_gpio.o
                                      0x8af27 (size before relaxing)
 .debug_str     0x000000000008f55b      0x24f ./Drivers/STM32F1xx_HAL_Driver/Src/stm32f1xx_hal_rcc.o
                                      0x8af60 (size before relaxing)
 .debug_str     0x000000000008f7aa      0x5fe ./Drivers/STM32F1xx_HAL_Driver/Src/stm32f1xx_hal_uart.o
                                      0x8b552 (size before relaxing)
 .debug_str     0x000000000008fda8       0x2f ./FATFS/App/fatfs.o
                                      0x8b425 (size before relaxing)
 .debug_str     0x000000000008fdd7      0x18a ./FATFS/Target/user_diskio.o
                                      0x8e672 (size before relaxing)
 .debug_str     0x000000000008ff61       0xcb ./Middlewares/Third_Party/FatFs/src/ff_gen_drv.o
                                      0x8b3ad (size before relaxing)

.comment        0x0000000000000000       0x53
 .comment       0x0000000000000000       0x53 ./Core/Src/main.o
                                         0x54 (size before relaxing)
 .comment       0x0000000000000053       0x54 ./Core/Src/stm32f1xx_hal_msp.o
 .comment       0x0000000000000053       0x54 ./Core/Src/stm32f1xx_it.o
 .comment       0x0000000000000053       0x54 ./Core/Src/system_stm32f1xx.o
 .comment       0x0000000000000053       0x54 ./Drivers/STM32F1xx_HAL_Driver/Src/stm32f1xx_hal.o
 .comment       0x0000000000000053       0x54 ./Drivers/STM32F1xx_HAL_Driver/Src/stm32f1xx_hal_cortex.o
 .comment       0x0000000000000053       0x54 ./Drivers/STM32F1xx_HAL_Driver/Src/stm32f1xx_hal_gpio.o
 .comment       0x0000000000000053       0x54 ./Drivers/STM32F1xx_HAL_Driver/Src/stm32f1xx_hal_rcc.o
 .comment       0x0000000000000053       0x54 ./Drivers/STM32F1xx_HAL_Driver/Src/stm32f1xx_hal_uart.o
 .comment       0x0000000000000053       0x54 ./FATFS/App/fatfs.o
 .comment       0x0000000000000053       0x54 ./FATFS/Target/user_diskio.o
 .comment       0x0000000000000053       0x54 ./Middlewares/Third_Party/FatFs/src/ff_gen_drv.o

.debug_frame    0x0000000000000000     0x18e0
 .debug_frame   0x0000000000000000       0xd4 ./Core/Src/main.o
 .debug_frame   0x00000000000000d4       0x80 ./Core/Src/stm32f1xx_hal_msp.o
 .debug_frame   0x0000000000000154      0x124 ./Core/Src/stm32f1xx_it.o
 .debug_frame   0x0000000000000278       0x58 ./Core/Src/system_stm32f1xx.o
 .debug_frame   0x00000000000002d0      0x334 ./Drivers/STM32F1xx_HAL_Driver/Src/stm32f1xx_hal.o
 .debug_frame   0x0000000000000604      0x428 ./Drivers/STM32F1xx_HAL_Driver/Src/stm32f1xx_hal_cortex.o
 .debug_frame   0x0000000000000a2c      0x14c ./Drivers/STM32F1xx_HAL_Driver/Src/stm32f1xx_hal_gpio.o
 .debug_frame   0x0000000000000b78      0x21c ./Drivers/STM32F1xx_HAL_Driver/Src/stm32f1xx_hal_rcc.o
 .debug_frame   0x0000000000000d94      0x914 ./Drivers/STM32F1xx_HAL_Driver/Src/stm32f1xx_hal_uart.o
 .debug_frame   0x00000000000016a8       0x4c ./FATFS/App/fatfs.o
 .debug_frame   0x00000000000016f4       0xd8 ./FATFS/Target/user_diskio.o
 .debug_frame   0x00000000000017cc       0xc8 ./Middlewares/Third_Party/FatFs/src/ff_gen_drv.o
 .debug_frame   0x0000000000001894       0x2c c:/st/stm32cubeide_1.7.0/stm32cubeide/plugins/com.st.stm32cube.ide.mcu.externaltools.gnu-tools-for-stm32.9-2020-q2-update.win32_2.0.0.202105311346/tools/bin/../lib/gcc/arm-none-eabi/9.3.1/../../../../arm-none-eabi/lib/thumb/v7-m/nofp\libc_nano.a(lib_a-init.o)
 .debug_frame   0x00000000000018c0       0x20 c:/st/stm32cubeide_1.7.0/stm32cubeide/plugins/com.st.stm32cube.ide.mcu.externaltools.gnu-tools-for-stm32.9-2020-q2-update.win32_2.0.0.202105311346/tools/bin/../lib/gcc/arm-none-eabi/9.3.1/../../../../arm-none-eabi/lib/thumb/v7-m/nofp\libc_nano.a(lib_a-memset.o)
