Archive member included to satisfy reference by file (symbol)

c:/st/stm32cubeide_1.7.0/stm32cubeide/plugins/com.st.stm32cube.ide.mcu.externaltools.gnu-tools-for-stm32.9-2020-q2-update.win32_2.0.0.202105311346/tools/bin/../lib/gcc/arm-none-eabi/9.3.1/../../../../arm-none-eabi/lib/thumb/v7-m/nofp\libc_nano.a(lib_a-errno.o)
                              ./Core/Src/syscalls.o (__errno)
c:/st/stm32cubeide_1.7.0/stm32cubeide/plugins/com.st.stm32cube.ide.mcu.externaltools.gnu-tools-for-stm32.9-2020-q2-update.win32_2.0.0.202105311346/tools/bin/../lib/gcc/arm-none-eabi/9.3.1/../../../../arm-none-eabi/lib/thumb/v7-m/nofp\libc_nano.a(lib_a-exit.o)
                              c:/st/stm32cubeide_1.7.0/stm32cubeide/plugins/com.st.stm32cube.ide.mcu.externaltools.gnu-tools-for-stm32.9-2020-q2-update.win32_2.0.0.202105311346/tools/bin/../lib/gcc/arm-none-eabi/9.3.1/../../../../arm-none-eabi/lib/thumb/v7-m/nofp/crt0.o (exit)
c:/st/stm32cubeide_1.7.0/stm32cubeide/plugins/com.st.stm32cube.ide.mcu.externaltools.gnu-tools-for-stm32.9-2020-q2-update.win32_2.0.0.202105311346/tools/bin/../lib/gcc/arm-none-eabi/9.3.1/../../../../arm-none-eabi/lib/thumb/v7-m/nofp\libc_nano.a(lib_a-impure.o)
                              c:/st/stm32cubeide_1.7.0/stm32cubeide/plugins/com.st.stm32cube.ide.mcu.externaltools.gnu-tools-for-stm32.9-2020-q2-update.win32_2.0.0.202105311346/tools/bin/../lib/gcc/arm-none-eabi/9.3.1/../../../../arm-none-eabi/lib/thumb/v7-m/nofp\libc_nano.a(lib_a-exit.o) (_global_impure_ptr)
c:/st/stm32cubeide_1.7.0/stm32cubeide/plugins/com.st.stm32cube.ide.mcu.externaltools.gnu-tools-for-stm32.9-2020-q2-update.win32_2.0.0.202105311346/tools/bin/../lib/gcc/arm-none-eabi/9.3.1/../../../../arm-none-eabi/lib/thumb/v7-m/nofp\libc_nano.a(lib_a-init.o)
                              c:/st/stm32cubeide_1.7.0/stm32cubeide/plugins/com.st.stm32cube.ide.mcu.externaltools.gnu-tools-for-stm32.9-2020-q2-update.win32_2.0.0.202105311346/tools/bin/../lib/gcc/arm-none-eabi/9.3.1/../../../../arm-none-eabi/lib/thumb/v7-m/nofp/crt0.o (__libc_init_array)
c:/st/stm32cubeide_1.7.0/stm32cubeide/plugins/com.st.stm32cube.ide.mcu.externaltools.gnu-tools-for-stm32.9-2020-q2-update.win32_2.0.0.202105311346/tools/bin/../lib/gcc/arm-none-eabi/9.3.1/../../../../arm-none-eabi/lib/thumb/v7-m/nofp\libc_nano.a(lib_a-memset.o)
                              c:/st/stm32cubeide_1.7.0/stm32cubeide/plugins/com.st.stm32cube.ide.mcu.externaltools.gnu-tools-for-stm32.9-2020-q2-update.win32_2.0.0.202105311346/tools/bin/../lib/gcc/arm-none-eabi/9.3.1/../../../../arm-none-eabi/lib/thumb/v7-m/nofp/crt0.o (memset)
c:/st/stm32cubeide_1.7.0/stm32cubeide/plugins/com.st.stm32cube.ide.mcu.externaltools.gnu-tools-for-stm32.9-2020-q2-update.win32_2.0.0.202105311346/tools/bin/../lib/gcc/arm-none-eabi/9.3.1/../../../../arm-none-eabi/lib/thumb/v7-m/nofp\libc_nano.a(lib_a-strlen.o)
                              ./Core/Src/main.o (strlen)

Allocating common symbols
Common symbol       size              file

fre_clust           0x4               ./Core/Src/main.o
USERPath            0x4               ./FATFS/App/fatfs.o
fs                  0x1030            ./Core/Src/main.o
uwTick              0x4               ./Drivers/STM32F1xx_HAL_Driver/Src/stm32f1xx_hal.o
pFlash              0x20              ./Drivers/STM32F1xx_HAL_Driver/Src/stm32f1xx_hal_flash.o
huart1              0x44              ./Core/Src/main.o
buffer              0x64              ./Core/Src/main.o
retUSER             0x1               ./FATFS/App/fatfs.o
Timer2              0x1               ./Core/Src/stm32f1xx_it.o
pfs                 0x4               ./Core/Src/main.o
hspi1               0x58              ./Core/Src/main.o
fres                0x1               ./Core/Src/main.o
Timer1              0x1               ./Core/Src/stm32f1xx_it.o
fil                 0x102c            ./Core/Src/main.o
USERFile            0x102c            ./FATFS/App/fatfs.o
USERFatFS           0x1030            ./FATFS/App/fatfs.o

Discarded input sections

 .text          0x0000000000000000        0x0 c:/st/stm32cubeide_1.7.0/stm32cubeide/plugins/com.st.stm32cube.ide.mcu.externaltools.gnu-tools-for-stm32.9-2020-q2-update.win32_2.0.0.202105311346/tools/bin/../lib/gcc/arm-none-eabi/9.3.1/thumb/v7-m/nofp/crti.o
 .data          0x0000000000000000        0x0 c:/st/stm32cubeide_1.7.0/stm32cubeide/plugins/com.st.stm32cube.ide.mcu.externaltools.gnu-tools-for-stm32.9-2020-q2-update.win32_2.0.0.202105311346/tools/bin/../lib/gcc/arm-none-eabi/9.3.1/thumb/v7-m/nofp/crti.o
 .bss           0x0000000000000000        0x0 c:/st/stm32cubeide_1.7.0/stm32cubeide/plugins/com.st.stm32cube.ide.mcu.externaltools.gnu-tools-for-stm32.9-2020-q2-update.win32_2.0.0.202105311346/tools/bin/../lib/gcc/arm-none-eabi/9.3.1/thumb/v7-m/nofp/crti.o
[...]
Memory Configuration

Name             Origin             Length             Attributes
RAM              0x0000000020000000 0x000000000000ffd8 xrw
FLASH            0x0000000008007000 0x0000000000079000 xr
*default*        0x0000000000000000 0xffffffffffffffff

Linker script and memory map

LOAD c:/st/stm32cubeide_1.7.0/stm32cubeide/plugins/com.st.stm32cube.ide.mcu.externaltools.gnu-tools-for-stm32.9-2020-q2-update.win32_2.0.0.202105311346/tools/bin/../lib/gcc/arm-none-eabi/9.3.1/thumb/v7-m/nofp/crti.o
LOAD c:/st/stm32cubeide_1.7.0/stm32cubeide/plugins/com.st.stm32cube.ide.mcu.externaltools.gnu-tools-for-stm32.9-2020-q2-update.win32_2.0.0.202105311346/tools/bin/../lib/gcc/arm-none-eabi/9.3.1/thumb/v7-m/nofp/crtbegin.o
LOAD c:/st/stm32cubeide_1.7.0/stm32cubeide/plugins/com.st.stm32cube.ide.mcu.externaltools.gnu-tools-for-stm32.9-2020-q2-update.win32_2.0.0.202105311346/tools/bin/../lib/gcc/arm-none-eabi/9.3.1/../../../../arm-none-eabi/lib/thumb/v7-m/nofp/crt0.o
LOAD ./Core/Src/fatfs_sd.o
LOAD ./Core/Src/main.o
LOAD ./Core/Src/stm32f1xx_hal_msp.o
LOAD ./Core/Src/stm32f1xx_it.o
LOAD ./Core/Src/syscalls.o
LOAD ./Core/Src/sysmem.o
LOAD ./Core/Src/system_stm32f1xx.o
LOAD ./Core/Startup/startup_stm32f103retx.o
LOAD ./Drivers/STM32F1xx_HAL_Driver/Src/stm32f1xx_hal.o
LOAD ./Drivers/STM32F1xx_HAL_Driver/Src/stm32f1xx_hal_cortex.o
LOAD ./Drivers/STM32F1xx_HAL_Driver/Src/stm32f1xx_hal_dma.o
LOAD ./Drivers/STM32F1xx_HAL_Driver/Src/stm32f1xx_hal_exti.o
LOAD ./Drivers/STM32F1xx_HAL_Driver/Src/stm32f1xx_hal_flash.o
LOAD ./Drivers/STM32F1xx_HAL_Driver/Src/stm32f1xx_hal_flash_ex.o
LOAD ./Drivers/STM32F1xx_HAL_Driver/Src/stm32f1xx_hal_gpio.o
LOAD ./Drivers/STM32F1xx_HAL_Driver/Src/stm32f1xx_hal_gpio_ex.o
LOAD ./Drivers/STM32F1xx_HAL_Driver/Src/stm32f1xx_hal_pwr.o
LOAD ./Drivers/STM32F1xx_HAL_Driver/Src/stm32f1xx_hal_rcc.o
LOAD ./Drivers/STM32F1xx_HAL_Driver/Src/stm32f1xx_hal_rcc_ex.o
LOAD ./Drivers/STM32F1xx_HAL_Driver/Src/stm32f1xx_hal_spi.o
LOAD ./Drivers/STM32F1xx_HAL_Driver/Src/stm32f1xx_hal_tim.o
LOAD ./Drivers/STM32F1xx_HAL_Driver/Src/stm32f1xx_hal_tim_ex.o
LOAD ./Drivers/STM32F1xx_HAL_Driver/Src/stm32f1xx_hal_uart.o
LOAD ./FATFS/App/fatfs.o
LOAD ./FATFS/Target/user_diskio.o
LOAD ./Middlewares/Third_Party/FatFs/src/diskio.o
LOAD ./Middlewares/Third_Party/FatFs/src/ff.o
LOAD ./Middlewares/Third_Party/FatFs/src/ff_gen_drv.o
LOAD ./Middlewares/Third_Party/FatFs/src/option/ccsbcs.o
LOAD ./Middlewares/Third_Party/FatFs/src/option/syscall.o
START GROUP
LOAD c:/st/stm32cubeide_1.7.0/stm32cubeide/plugins/com.st.stm32cube.ide.mcu.externaltools.gnu-tools-for-stm32.9-2020-q2-update.win32_2.0.0.202105311346/tools/bin/../lib/gcc/arm-none-eabi/9.3.1/../../../../arm-none-eabi/lib/thumb/v7-m/nofp\libc_nano.a
LOAD c:/st/stm32cubeide_1.7.0/stm32cubeide/plugins/com.st.stm32cube.ide.mcu.externaltools.gnu-tools-for-stm32.9-2020-q2-update.win32_2.0.0.202105311346/tools/bin/../lib/gcc/arm-none-eabi/9.3.1/../../../../arm-none-eabi/lib/thumb/v7-m/nofp\libm.a
END GROUP
START GROUP
LOAD c:/st/stm32cubeide_1.7.0/stm32cubeide/plugins/com.st.stm32cube.ide.mcu.externaltools.gnu-tools-for-stm32.9-2020-q2-update.win32_2.0.0.202105311346/tools/bin/../lib/gcc/arm-none-eabi/9.3.1/thumb/v7-m/nofp\libgcc.a
LOAD c:/st/stm32cubeide_1.7.0/stm32cubeide/plugins/com.st.stm32cube.ide.mcu.externaltools.gnu-tools-for-stm32.9-2020-q2-update.win32_2.0.0.202105311346/tools/bin/../lib/gcc/arm-none-eabi/9.3.1/../../../../arm-none-eabi/lib/thumb/v7-m/nofp\libc_nano.a
END GROUP
START GROUP
LOAD c:/st/stm32cubeide_1.7.0/stm32cubeide/plugins/com.st.stm32cube.ide.mcu.externaltools.gnu-tools-for-stm32.9-2020-q2-update.win32_2.0.0.202105311346/tools/bin/../lib/gcc/arm-none-eabi/9.3.1/thumb/v7-m/nofp\libgcc.a
LOAD c:/st/stm32cubeide_1.7.0/stm32cubeide/plugins/com.st.stm32cube.ide.mcu.externaltools.gnu-tools-for-stm32.9-2020-q2-update.win32_2.0.0.202105311346/tools/bin/../lib/gcc/arm-none-eabi/9.3.1/../../../../arm-none-eabi/lib/thumb/v7-m/nofp\libc_nano.a
LOAD c:/st/stm32cubeide_1.7.0/stm32cubeide/plugins/com.st.stm32cube.ide.mcu.externaltools.gnu-tools-for-stm32.9-2020-q2-update.win32_2.0.0.202105311346/tools/bin/../lib/gcc/arm-none-eabi/9.3.1/../../../../arm-none-eabi/lib/thumb/v7-m/nofp\libnosys.a
END GROUP
START GROUP
LOAD c:/st/stm32cubeide_1.7.0/stm32cubeide/plugins/com.st.stm32cube.ide.mcu.externaltools.gnu-tools-for-stm32.9-2020-q2-update.win32_2.0.0.202105311346/tools/bin/../lib/gcc/arm-none-eabi/9.3.1/thumb/v7-m/nofp\libgcc.a
LOAD c:/st/stm32cubeide_1.7.0/stm32cubeide/plugins/com.st.stm32cube.ide.mcu.externaltools.gnu-tools-for-stm32.9-2020-q2-update.win32_2.0.0.202105311346/tools/bin/../lib/gcc/arm-none-eabi/9.3.1/../../../../arm-none-eabi/lib/thumb/v7-m/nofp\libc_nano.a
LOAD c:/st/stm32cubeide_1.7.0/stm32cubeide/plugins/com.st.stm32cube.ide.mcu.externaltools.gnu-tools-for-stm32.9-2020-q2-update.win32_2.0.0.202105311346/tools/bin/../lib/gcc/arm-none-eabi/9.3.1/../../../../arm-none-eabi/lib/thumb/v7-m/nofp\libnosys.a
END GROUP
LOAD c:/st/stm32cubeide_1.7.0/stm32cubeide/plugins/com.st.stm32cube.ide.mcu.externaltools.gnu-tools-for-stm32.9-2020-q2-update.win32_2.0.0.202105311346/tools/bin/../lib/gcc/arm-none-eabi/9.3.1/thumb/v7-m/nofp/crtend.o
LOAD c:/st/stm32cubeide_1.7.0/stm32cubeide/plugins/com.st.stm32cube.ide.mcu.externaltools.gnu-tools-for-stm32.9-2020-q2-update.win32_2.0.0.202105311346/tools/bin/../lib/gcc/arm-none-eabi/9.3.1/thumb/v7-m/nofp/crtn.o
                0x000000002000ffd8                _estack = (ORIGIN (RAM) + LENGTH (RAM))
                0x0000000000000200                _Min_Heap_Size = 0x200
                0x0000000000000400                _Min_Stack_Size = 0x400

.isr_vector     0x0000000008007000      0x1e4
                0x0000000008007000                . = ALIGN (0x4)
 *(.isr_vector)
 .isr_vector    0x0000000008007000      0x1e4 ./Core/Startup/startup_stm32f103retx.o
                0x0000000008007000                g_pfnVectors
                0x00000000080071e4                . = ALIGN (0x4)

.text           0x00000000080071e4     0x667c
                0x00000000080071e4                . = ALIGN (0x4)
 *(.text)
 .text          0x00000000080071e4       0x40 c:/st/stm32cubeide_1.7.0/stm32cubeide/plugins/com.st.stm32cube.ide.mcu.externaltools.gnu-tools-for-stm32.9-2020-q2-update.win32_2.0.0.202105311346/tools/bin/../lib/gcc/arm-none-eabi/9.3.1/thumb/v7-m/nofp/crtbegin.o
 *(.text*)
 .text.SELECT   0x0000000008007224       0x18 ./Core/Src/fatfs_sd.o
 .text.DESELECT
                0x000000000800723c       0x18 ./Core/Src/fatfs_sd.o
 .text.SPI_TxByte
                0x0000000008007254       0x34 ./Core/Src/fatfs_sd.o
 .text.SPI_RxByte
                0x0000000008007288       0x3c ./Core/Src/fatfs_sd.o
 .text.SPI_RxBytePtr
                0x00000000080072c4       0x1c ./Core/Src/fatfs_sd.o
 .text.SD_ReadyWait
                0x00000000080072e0       0x38 ./Core/Src/fatfs_sd.o
 .text.SD_PowerOn
                0x0000000008007318       0x98 ./Core/Src/fatfs_sd.o
 .text.SD_PowerOff
                0x00000000080073b0       0x18 ./Core/Src/fatfs_sd.o
 .text.SD_CheckPower
                0x00000000080073c8       0x14 ./Core/Src/fatfs_sd.o
 .text.SD_RxDataBlock
                0x00000000080073dc       0x6c ./Core/Src/fatfs_sd.o
 .text.SD_TxDataBlock
                0x0000000008007448       0xa8 ./Core/Src/fatfs_sd.o
 .text.SD_SendCmd
                0x00000000080074f0       0xa4 ./Core/Src/fatfs_sd.o
 .text.SD_disk_initialize
                0x0000000008007594      0x1d4 ./Core/Src/fatfs_sd.o
                0x0000000008007594                SD_disk_initialize
 .text.SD_disk_status
                0x0000000008007768       0x28 ./Core/Src/fatfs_sd.o
                0x0000000008007768                SD_disk_status
 .text.SD_disk_read
                0x0000000008007790       0xd4 ./Core/Src/fatfs_sd.o
                0x0000000008007790                SD_disk_read
 .text.SD_disk_write
                0x0000000008007864      0x108 ./Core/Src/fatfs_sd.o
                0x0000000008007864                SD_disk_write
 .text.SD_disk_ioctl
                0x000000000800796c      0x264 ./Core/Src/fatfs_sd.o
                0x000000000800796c                SD_disk_ioctl
 .text.main     0x0000000008007bd0       0xb0 ./Core/Src/main.o
                0x0000000008007bd0                main
 .text.SystemClock_Config
                0x0000000008007c80       0x8a ./Core/Src/main.o
                0x0000000008007c80                SystemClock_Config
 *fill*         0x0000000008007d0a        0x2 
 .text.MX_SPI1_Init
                0x0000000008007d0c       0x6c ./Core/Src/main.o
 .text.MX_USART1_UART_Init
                0x0000000008007d78       0x54 ./Core/Src/main.o
 .text.MX_GPIO_Init
                0x0000000008007dcc       0x94 ./Core/Src/main.o
 .text.Error_Handler
                0x0000000008007e60       0x1c ./Core/Src/main.o
                0x0000000008007e60                Error_Handler
 .text.HAL_MspInit
                0x0000000008007e7c       0x64 ./Core/Src/stm32f1xx_hal_msp.o
                0x0000000008007e7c                HAL_MspInit
 .text.HAL_SPI_MspInit
                0x0000000008007ee0       0x94 ./Core/Src/stm32f1xx_hal_msp.o
                0x0000000008007ee0                HAL_SPI_MspInit
 .text.HAL_UART_MspInit
                0x0000000008007f74       0x98 ./Core/Src/stm32f1xx_hal_msp.o
                0x0000000008007f74                HAL_UART_MspInit
 .text.SDTimer_Handler
                0x000000000800800c       0x44 ./Core/Src/stm32f1xx_it.o
                0x000000000800800c                SDTimer_Handler
 .text.SVC_Handler
                0x0000000008008050        0xc ./Core/Src/stm32f1xx_it.o
                0x0000000008008050                SVC_Handler
 .text.PendSV_Handler
                0x000000000800805c        0xc ./Core/Src/stm32f1xx_it.o
                0x000000000800805c                PendSV_Handler
 .text.SysTick_Handler
                0x0000000008008068       0x38 ./Core/Src/stm32f1xx_it.o
                0x0000000008008068                SysTick_Handler
 .text.SystemInit
                0x00000000080080a0       0x68 ./Core/Src/system_stm32f1xx.o
                0x00000000080080a0                SystemInit
 .text.Reset_Handler
                0x0000000008008108       0x48 ./Core/Startup/startup_stm32f103retx.o
                0x0000000008008108                Reset_Handler
 .text.Default_Handler
                0x0000000008008150        0x2 ./Core/Startup/startup_stm32f103retx.o
                0x0000000008008150                RTC_Alarm_IRQHandler
                0x0000000008008150                EXTI2_IRQHandler
                0x0000000008008150                TIM8_TRG_COM_IRQHandler
                0x0000000008008150                TIM8_CC_IRQHandler
                0x0000000008008150                DebugMon_Handler
                0x0000000008008150                TIM1_CC_IRQHandler
                0x0000000008008150                HardFault_Handler
                0x0000000008008150                TIM6_IRQHandler
                0x0000000008008150                PVD_IRQHandler
                0x0000000008008150                SDIO_IRQHandler
                0x0000000008008150                NMI_Handler
                0x0000000008008150                EXTI3_IRQHandler
                0x0000000008008150                EXTI0_IRQHandler
                0x0000000008008150                I2C2_EV_IRQHandler
                0x0000000008008150                UsageFault_Handler
                0x0000000008008150                ADC1_2_IRQHandler
                0x0000000008008150                SPI1_IRQHandler
                0x0000000008008150                TAMPER_IRQHandler
                0x0000000008008150                TIM8_UP_IRQHandler
                0x0000000008008150                DMA2_Channel2_IRQHandler
                0x0000000008008150                DMA1_Channel4_IRQHandler
                0x0000000008008150                USART3_IRQHandler
                0x0000000008008150                RTC_IRQHandler
                0x0000000008008150                DMA1_Channel7_IRQHandler
                0x0000000008008150                CAN1_RX1_IRQHandler
                0x0000000008008150                UART5_IRQHandler
                0x0000000008008150                ADC3_IRQHandler
                0x0000000008008150                TIM4_IRQHandler
                0x0000000008008150                DMA2_Channel1_IRQHandler
                0x0000000008008150                I2C1_EV_IRQHandler
                0x0000000008008150                DMA1_Channel6_IRQHandler
                0x0000000008008150                UART4_IRQHandler
                0x0000000008008150                TIM3_IRQHandler
                0x0000000008008150                RCC_IRQHandler
                0x0000000008008150                TIM1_TRG_COM_IRQHandler
                0x0000000008008150                DMA1_Channel1_IRQHandler
                0x0000000008008150                Default_Handler
                0x0000000008008150                EXTI15_10_IRQHandler
                0x0000000008008150                TIM7_IRQHandler
                0x0000000008008150                TIM5_IRQHandler
                0x0000000008008150                EXTI9_5_IRQHandler
                0x0000000008008150                SPI2_IRQHandler
                0x0000000008008150                MemManage_Handler
                0x0000000008008150                DMA1_Channel5_IRQHandler
                0x0000000008008150                EXTI4_IRQHandler
                0x0000000008008150                USB_LP_CAN1_RX0_IRQHandler
                0x0000000008008150                USB_HP_CAN1_TX_IRQHandler
                0x0000000008008150                DMA1_Channel3_IRQHandler
                0x0000000008008150                FSMC_IRQHandler
                0x0000000008008150                TIM1_UP_IRQHandler
                0x0000000008008150                WWDG_IRQHandler
                0x0000000008008150                TIM2_IRQHandler
                0x0000000008008150                TIM1_BRK_IRQHandler
                0x0000000008008150                EXTI1_IRQHandler
                0x0000000008008150                DMA2_Channel4_5_IRQHandler
                0x0000000008008150                USART2_IRQHandler
                0x0000000008008150                I2C2_ER_IRQHandler
                0x0000000008008150                DMA1_Channel2_IRQHandler
                0x0000000008008150                TIM8_BRK_IRQHandler
                0x0000000008008150                CAN1_SCE_IRQHandler
                0x0000000008008150                FLASH_IRQHandler
                0x0000000008008150                BusFault_Handler
                0x0000000008008150                USART1_IRQHandler
                0x0000000008008150                SPI3_IRQHandler
                0x0000000008008150                I2C1_ER_IRQHandler
                0x0000000008008150                USBWakeUp_IRQHandler
                0x0000000008008150                DMA2_Channel3_IRQHandler
 *fill*         0x0000000008008152        0x2 
 .text.HAL_Init
                0x0000000008008154       0x2c ./Drivers/STM32F1xx_HAL_Driver/Src/stm32f1xx_hal.o
                0x0000000008008154                HAL_Init
 .text.HAL_InitTick
                0x0000000008008180       0x60 ./Drivers/STM32F1xx_HAL_Driver/Src/stm32f1xx_hal.o
                0x0000000008008180                HAL_InitTick
 .text.HAL_IncTick
                0x00000000080081e0       0x24 ./Drivers/STM32F1xx_HAL_Driver/Src/stm32f1xx_hal.o
                0x00000000080081e0                HAL_IncTick
 .text.HAL_GetTick
                0x0000000008008204       0x14 ./Drivers/STM32F1xx_HAL_Driver/Src/stm32f1xx_hal.o
                0x0000000008008204                HAL_GetTick
 .text.__NVIC_SetPriorityGrouping
                0x0000000008008218       0x48 ./Drivers/STM32F1xx_HAL_Driver/Src/stm32f1xx_hal_cortex.o
 .text.__NVIC_GetPriorityGrouping
                0x0000000008008260       0x1c ./Drivers/STM32F1xx_HAL_Driver/Src/stm32f1xx_hal_cortex.o
 .text.__NVIC_SetPriority
                0x000000000800827c       0x54 ./Drivers/STM32F1xx_HAL_Driver/Src/stm32f1xx_hal_cortex.o
 .text.NVIC_EncodePriority
                0x00000000080082d0       0x64 ./Drivers/STM32F1xx_HAL_Driver/Src/stm32f1xx_hal_cortex.o
 .text.SysTick_Config
                0x0000000008008334       0x44 ./Drivers/STM32F1xx_HAL_Driver/Src/stm32f1xx_hal_cortex.o
 .text.HAL_NVIC_SetPriorityGrouping
                0x0000000008008378       0x16 ./Drivers/STM32F1xx_HAL_Driver/Src/stm32f1xx_hal_cortex.o
                0x0000000008008378                HAL_NVIC_SetPriorityGrouping
 .text.HAL_NVIC_SetPriority
                0x000000000800838e       0x38 ./Drivers/STM32F1xx_HAL_Driver/Src/stm32f1xx_hal_cortex.o
                0x000000000800838e                HAL_NVIC_SetPriority
 .text.HAL_SYSTICK_Config
                0x00000000080083c6       0x18 ./Drivers/STM32F1xx_HAL_Driver/Src/stm32f1xx_hal_cortex.o
                0x00000000080083c6                HAL_SYSTICK_Config
 .text.HAL_SYSTICK_IRQHandler
                0x00000000080083de        0xc ./Drivers/STM32F1xx_HAL_Driver/Src/stm32f1xx_hal_cortex.o
                0x00000000080083de                HAL_SYSTICK_IRQHandler
 .text.HAL_SYSTICK_Callback
                0x00000000080083ea        0xc ./Drivers/STM32F1xx_HAL_Driver/Src/stm32f1xx_hal_cortex.o
                0x00000000080083ea                HAL_SYSTICK_Callback
 *fill*         0x00000000080083f6        0x2 
 .text.HAL_GPIO_Init
                0x00000000080083f8      0x328 ./Drivers/STM32F1xx_HAL_Driver/Src/stm32f1xx_hal_gpio.o
                0x00000000080083f8                HAL_GPIO_Init
 .text.HAL_GPIO_WritePin
                0x0000000008008720       0x30 ./Drivers/STM32F1xx_HAL_Driver/Src/stm32f1xx_hal_gpio.o
                0x0000000008008720                HAL_GPIO_WritePin
 .text.HAL_RCC_OscConfig
                0x0000000008008750      0x500 ./Drivers/STM32F1xx_HAL_Driver/Src/stm32f1xx_hal_rcc.o
                0x0000000008008750                HAL_RCC_OscConfig
 .text.HAL_RCC_ClockConfig
                0x0000000008008c50      0x1d4 ./Drivers/STM32F1xx_HAL_Driver/Src/stm32f1xx_hal_rcc.o
                0x0000000008008c50                HAL_RCC_ClockConfig
 .text.HAL_RCC_GetSysClockFreq
                0x0000000008008e24       0xc0 ./Drivers/STM32F1xx_HAL_Driver/Src/stm32f1xx_hal_rcc.o
                0x0000000008008e24                HAL_RCC_GetSysClockFreq
 .text.HAL_RCC_GetHCLKFreq
                0x0000000008008ee4       0x14 ./Drivers/STM32F1xx_HAL_Driver/Src/stm32f1xx_hal_rcc.o
                0x0000000008008ee4                HAL_RCC_GetHCLKFreq
 .text.HAL_RCC_GetPCLK1Freq
                0x0000000008008ef8       0x28 ./Drivers/STM32F1xx_HAL_Driver/Src/stm32f1xx_hal_rcc.o
                0x0000000008008ef8                HAL_RCC_GetPCLK1Freq
 .text.HAL_RCC_GetPCLK2Freq
                0x0000000008008f20       0x28 ./Drivers/STM32F1xx_HAL_Driver/Src/stm32f1xx_hal_rcc.o
                0x0000000008008f20                HAL_RCC_GetPCLK2Freq
 .text.RCC_Delay
                0x0000000008008f48       0x3c ./Drivers/STM32F1xx_HAL_Driver/Src/stm32f1xx_hal_rcc.o
 .text.HAL_SPI_Init
                0x0000000008008f84      0x108 ./Drivers/STM32F1xx_HAL_Driver/Src/stm32f1xx_hal_spi.o
                0x0000000008008f84                HAL_SPI_Init
 .text.HAL_SPI_Transmit
                0x000000000800908c      0x278 ./Drivers/STM32F1xx_HAL_Driver/Src/stm32f1xx_hal_spi.o
                0x000000000800908c                HAL_SPI_Transmit
 .text.HAL_SPI_TransmitReceive
                0x0000000008009304      0x344 ./Drivers/STM32F1xx_HAL_Driver/Src/stm32f1xx_hal_spi.o
                0x0000000008009304                HAL_SPI_TransmitReceive
 .text.HAL_SPI_GetState
                0x0000000008009648       0x1a ./Drivers/STM32F1xx_HAL_Driver/Src/stm32f1xx_hal_spi.o
                0x0000000008009648                HAL_SPI_GetState
 *fill*         0x0000000008009662        0x2 
 .text.SPI_WaitFlagStateUntilTimeout
                0x0000000008009664      0x110 ./Drivers/STM32F1xx_HAL_Driver/Src/stm32f1xx_hal_spi.o
 .text.SPI_EndRxTxTransaction
                0x0000000008009774       0x3c ./Drivers/STM32F1xx_HAL_Driver/Src/stm32f1xx_hal_spi.o
 .text.HAL_UART_Init
                0x00000000080097b0       0x9a ./Drivers/STM32F1xx_HAL_Driver/Src/stm32f1xx_hal_uart.o
                0x00000000080097b0                HAL_UART_Init
 .text.HAL_UART_Transmit
                0x000000000800984a      0x124 ./Drivers/STM32F1xx_HAL_Driver/Src/stm32f1xx_hal_uart.o
                0x000000000800984a                HAL_UART_Transmit
 .text.HAL_UART_Receive
                0x000000000800996e      0x144 ./Drivers/STM32F1xx_HAL_Driver/Src/stm32f1xx_hal_uart.o
                0x000000000800996e                HAL_UART_Receive
 .text.UART_WaitOnFlagUntilTimeout
                0x0000000008009ab2       0x94 ./Drivers/STM32F1xx_HAL_Driver/Src/stm32f1xx_hal_uart.o
 *fill*         0x0000000008009b46        0x2 
 .text.UART_SetConfig
                0x0000000008009b48      0x11c ./Drivers/STM32F1xx_HAL_Driver/Src/stm32f1xx_hal_uart.o
 .text.MX_FATFS_Init
                0x0000000008009c64       0x24 ./FATFS/App/fatfs.o
                0x0000000008009c64                MX_FATFS_Init
 .text.get_fattime
                0x0000000008009c88        0xe ./FATFS/App/fatfs.o
                0x0000000008009c88                get_fattime
 .text.USER_initialize
                0x0000000008009c96       0x1c ./FATFS/Target/user_diskio.o
                0x0000000008009c96                USER_initialize
 .text.USER_status
                0x0000000008009cb2       0x1c ./FATFS/Target/user_diskio.o
                0x0000000008009cb2                USER_status
 .text.USER_read
                0x0000000008009cce       0x26 ./FATFS/Target/user_diskio.o
                0x0000000008009cce                USER_read
 .text.USER_write
                0x0000000008009cf4       0x26 ./FATFS/Target/user_diskio.o
                0x0000000008009cf4                USER_write
 .text.USER_ioctl
                0x0000000008009d1a       0x26 ./FATFS/Target/user_diskio.o
                0x0000000008009d1a                USER_ioctl
 .text.disk_status
                0x0000000008009d40       0x34 ./Middlewares/Third_Party/FatFs/src/diskio.o
                0x0000000008009d40                disk_status
 .text.disk_initialize
                0x0000000008009d74       0x4c ./Middlewares/Third_Party/FatFs/src/diskio.o
                0x0000000008009d74                disk_initialize
 .text.disk_read
                0x0000000008009dc0       0x40 ./Middlewares/Third_Party/FatFs/src/diskio.o
                0x0000000008009dc0                disk_read
 .text.disk_write
                0x0000000008009e00       0x40 ./Middlewares/Third_Party/FatFs/src/diskio.o
                0x0000000008009e00                disk_write
 .text.disk_ioctl
                0x0000000008009e40       0x3c ./Middlewares/Third_Party/FatFs/src/diskio.o
                0x0000000008009e40                disk_ioctl
 .text.mem_cpy  0x0000000008009e7c       0x3c ./Middlewares/Third_Party/FatFs/src/ff.o
 .text.mem_set  0x0000000008009eb8       0x34 ./Middlewares/Third_Party/FatFs/src/ff.o
 .text.mem_cmp  0x0000000008009eec       0x4c ./Middlewares/Third_Party/FatFs/src/ff.o
 .text.chk_chr  0x0000000008009f38       0x34 ./Middlewares/Third_Party/FatFs/src/ff.o
 .text.chk_lock
                0x0000000008009f6c       0xe4 ./Middlewares/Third_Party/FatFs/src/ff.o
 .text.enq_lock
                0x000000000800a050       0x48 ./Middlewares/Third_Party/FatFs/src/ff.o
 .text.inc_lock
                0x000000000800a098      0x180 ./Middlewares/Third_Party/FatFs/src/ff.o
 .text.dec_lock
                0x000000000800a218       0x88 ./Middlewares/Third_Party/FatFs/src/ff.o
 .text.clear_lock
                0x000000000800a2a0       0x54 ./Middlewares/Third_Party/FatFs/src/ff.o
 .text.sync_window
                0x000000000800a2f4       0xb4 ./Middlewares/Third_Party/FatFs/src/ff.o
 .text.move_window
                0x000000000800a3a8       0x68 ./Middlewares/Third_Party/FatFs/src/ff.o
 .text.sync_fs  0x000000000800a410      0x19e ./Middlewares/Third_Party/FatFs/src/ff.o
 .text.clust2sect
                0x000000000800a5ae       0x4e ./Middlewares/Third_Party/FatFs/src/ff.o
                0x000000000800a5ae                clust2sect
 .text.get_fat  0x000000000800a5fc      0x20a ./Middlewares/Third_Party/FatFs/src/ff.o
                0x000000000800a5fc                get_fat
 .text.put_fat  0x000000000800a806      0x2c0 ./Middlewares/Third_Party/FatFs/src/ff.o
                0x000000000800a806                put_fat
 .text.remove_chain
                0x000000000800aac6       0xd0 ./Middlewares/Third_Party/FatFs/src/ff.o
 .text.create_chain
                0x000000000800ab96      0x162 ./Middlewares/Third_Party/FatFs/src/ff.o
 .text.clmt_clust
                0x000000000800acf8       0x86 ./Middlewares/Third_Party/FatFs/src/ff.o
 .text.dir_sdi  0x000000000800ad7e      0x1b6 ./Middlewares/Third_Party/FatFs/src/ff.o
 .text.dir_next
                0x000000000800af34      0x2c4 ./Middlewares/Third_Party/FatFs/src/ff.o
 .text.dir_alloc
                0x000000000800b1f8       0xa2 ./Middlewares/Third_Party/FatFs/src/ff.o
 .text.ld_clust
                0x000000000800b29a       0x5c ./Middlewares/Third_Party/FatFs/src/ff.o
 .text.st_clust
                0x000000000800b2f6       0x4c ./Middlewares/Third_Party/FatFs/src/ff.o
 *fill*         0x000000000800b342        0x2 
 .text.cmp_lfn  0x000000000800b344       0xdc ./Middlewares/Third_Party/FatFs/src/ff.o
 .text.fit_lfn  0x000000000800b420       0xe8 ./Middlewares/Third_Party/FatFs/src/ff.o
 .text.gen_numname
                0x000000000800b508      0x120 ./Middlewares/Third_Party/FatFs/src/ff.o
 .text.sum_sfn  0x000000000800b628       0x40 ./Middlewares/Third_Party/FatFs/src/ff.o
 .text.dir_find
                0x000000000800b668      0x1aa ./Middlewares/Third_Party/FatFs/src/ff.o
 *fill*         0x000000000800b812        0x2 
 .text.dir_register
                0x000000000800b814      0x260 ./Middlewares/Third_Party/FatFs/src/ff.o
 .text.create_name
                0x000000000800ba74      0x384 ./Middlewares/Third_Party/FatFs/src/ff.o
 .text.follow_path
                0x000000000800bdf8       0xf2 ./Middlewares/Third_Party/FatFs/src/ff.o
 .text.get_ldnumber
                0x000000000800beea       0x86 ./Middlewares/Third_Party/FatFs/src/ff.o
 .text.check_fs
                0x000000000800bf70       0xdc ./Middlewares/Third_Party/FatFs/src/ff.o
 .text.find_volume
                0x000000000800c04c      0x6b8 ./Middlewares/Third_Party/FatFs/src/ff.o
 .text.validate
                0x000000000800c704       0x7c ./Middlewares/Third_Party/FatFs/src/ff.o
 .text.f_mount  0x000000000800c780       0x94 ./Middlewares/Third_Party/FatFs/src/ff.o
                0x000000000800c780                f_mount
 .text.f_open   0x000000000800c814      0x674 ./Middlewares/Third_Party/FatFs/src/ff.o
                0x000000000800c814                f_open
 .text.f_write  0x000000000800ce88      0x4e6 ./Middlewares/Third_Party/FatFs/src/ff.o
                0x000000000800ce88                f_write
 .text.f_sync   0x000000000800d36e      0x1bc ./Middlewares/Third_Party/FatFs/src/ff.o
                0x000000000800d36e                f_sync
 .text.f_close  0x000000000800d52a       0x56 ./Middlewares/Third_Party/FatFs/src/ff.o
                0x000000000800d52a                f_close
 .text.putc_bfd
                0x000000000800d580       0x7a ./Middlewares/Third_Party/FatFs/src/ff.o
 .text.f_puts   0x000000000800d5fa       0x72 ./Middlewares/Third_Party/FatFs/src/ff.o
                0x000000000800d5fa                f_puts
 .text.FATFS_LinkDriverEx
                0x000000000800d66c       0x94 ./Middlewares/Third_Party/FatFs/src/ff_gen_drv.o
                0x000000000800d66c                FATFS_LinkDriverEx
 .text.FATFS_LinkDriver
                0x000000000800d700       0x1e ./Middlewares/Third_Party/FatFs/src/ff_gen_drv.o
                0x000000000800d700                FATFS_LinkDriver
 *fill*         0x000000000800d71e        0x2 
 .text.ff_convert
                0x000000000800d720       0x74 ./Middlewares/Third_Party/FatFs/src/option/ccsbcs.o
                0x000000000800d720                ff_convert
 .text.ff_wtoupper
                0x000000000800d794       0x5c ./Middlewares/Third_Party/FatFs/src/option/ccsbcs.o
                0x000000000800d794                ff_wtoupper
 .text.__libc_init_array
                0x000000000800d7f0       0x48 c:/st/stm32cubeide_1.7.0/stm32cubeide/plugins/com.st.stm32cube.ide.mcu.externaltools.gnu-tools-for-stm32.9-2020-q2-update.win32_2.0.0.202105311346/tools/bin/../lib/gcc/arm-none-eabi/9.3.1/../../../../arm-none-eabi/lib/thumb/v7-m/nofp\libc_nano.a(lib_a-init.o)
                0x000000000800d7f0                __libc_init_array
 .text.memset   0x000000000800d838       0x10 c:/st/stm32cubeide_1.7.0/stm32cubeide/plugins/com.st.stm32cube.ide.mcu.externaltools.gnu-tools-for-stm32.9-2020-q2-update.win32_2.0.0.202105311346/tools/bin/../lib/gcc/arm-none-eabi/9.3.1/../../../../arm-none-eabi/lib/thumb/v7-m/nofp\libc_nano.a(lib_a-memset.o)
                0x000000000800d838                memset
 *(.glue_7)
 .glue_7        0x000000000800d848        0x0 linker stubs
 *(.glue_7t)
 .glue_7t       0x000000000800d848        0x0 linker stubs
 *(.eh_frame)
 .eh_frame      0x000000000800d848        0x0 c:/st/stm32cubeide_1.7.0/stm32cubeide/plugins/com.st.stm32cube.ide.mcu.externaltools.gnu-tools-for-stm32.9-2020-q2-update.win32_2.0.0.202105311346/tools/bin/../lib/gcc/arm-none-eabi/9.3.1/thumb/v7-m/nofp/crtbegin.o
 *(.init)
 .init          0x000000000800d848        0x4 c:/st/stm32cubeide_1.7.0/stm32cubeide/plugins/com.st.stm32cube.ide.mcu.externaltools.gnu-tools-for-stm32.9-2020-q2-update.win32_2.0.0.202105311346/tools/bin/../lib/gcc/arm-none-eabi/9.3.1/thumb/v7-m/nofp/crti.o
                0x000000000800d848                _init
 .init          0x000000000800d84c        0x8 c:/st/stm32cubeide_1.7.0/stm32cubeide/plugins/com.st.stm32cube.ide.mcu.externaltools.gnu-tools-for-stm32.9-2020-q2-update.win32_2.0.0.202105311346/tools/bin/../lib/gcc/arm-none-eabi/9.3.1/thumb/v7-m/nofp/crtn.o
 *(.fini)
 .fini          0x000000000800d854        0x4 c:/st/stm32cubeide_1.7.0/stm32cubeide/plugins/com.st.stm32cube.ide.mcu.externaltools.gnu-tools-for-stm32.9-2020-q2-update.win32_2.0.0.202105311346/tools/bin/../lib/gcc/arm-none-eabi/9.3.1/thumb/v7-m/nofp/crti.o
                0x000000000800d854                _fini
 .fini          0x000000000800d858        0x8 c:/st/stm32cubeide_1.7.0/stm32cubeide/plugins/com.st.stm32cube.ide.mcu.externaltools.gnu-tools-for-stm32.9-2020-q2-update.win32_2.0.0.202105311346/tools/bin/../lib/gcc/arm-none-eabi/9.3.1/thumb/v7-m/nofp/crtn.o
                0x000000000800d860                . = ALIGN (0x4)
                0x000000000800d860                _etext = .

.vfp11_veneer   0x000000000800d860        0x0
 .vfp11_veneer  0x000000000800d860        0x0 linker stubs

.v4_bx          0x000000000800d860        0x0
 .v4_bx         0x000000000800d860        0x0 linker stubs

.iplt           0x000000000800d860        0x0
 .iplt          0x000000000800d860        0x0 c:/st/stm32cubeide_1.7.0/stm32cubeide/plugins/com.st.stm32cube.ide.mcu.externaltools.gnu-tools-for-stm32.9-2020-q2-update.win32_2.0.0.202105311346/tools/bin/../lib/gcc/arm-none-eabi/9.3.1/thumb/v7-m/nofp/crtbegin.o

.rodata         0x000000000800d860      0x60c
                0x000000000800d860                . = ALIGN (0x4)
 *(.rodata)
 .rodata        0x000000000800d860       0x4b ./Core/Src/main.o
 *fill*         0x000000000800d8ab        0x1 
 .rodata        0x000000000800d8ac       0x10 ./Drivers/STM32F1xx_HAL_Driver/Src/stm32f1xx_hal_rcc.o
 .rodata        0x000000000800d8bc       0x48 ./Middlewares/Third_Party/FatFs/src/ff.o
 *(.rodata*)
 .rodata.AHBPrescTable
                0x000000000800d904       0x10 ./Core/Src/system_stm32f1xx.o
                0x000000000800d904                AHBPrescTable
 .rodata.APBPrescTable
                0x000000000800d914        0x8 ./Core/Src/system_stm32f1xx.o
                0x000000000800d914                APBPrescTable
 .rodata.ExCvt  0x000000000800d91c       0x80 ./Middlewares/Third_Party/FatFs/src/ff.o
 .rodata.LfnOfs
                0x000000000800d99c        0xd ./Middlewares/Third_Party/FatFs/src/ff.o
 *fill*         0x000000000800d9a9        0x3 
 .rodata.Tbl    0x000000000800d9ac      0x100 ./Middlewares/Third_Party/FatFs/src/option/ccsbcs.o
 .rodata.tbl_lower.6048
                0x000000000800daac      0x1e0 ./Middlewares/Third_Party/FatFs/src/option/ccsbcs.o
 .rodata.tbl_upper.6049
                0x000000000800dc8c      0x1e0 ./Middlewares/Third_Party/FatFs/src/option/ccsbcs.o
                0x000000000800de6c                . = ALIGN (0x4)

.rel.dyn        0x000000000800de6c        0x0
 .rel.iplt      0x000000000800de6c        0x0 c:/st/stm32cubeide_1.7.0/stm32cubeide/plugins/com.st.stm32cube.ide.mcu.externaltools.gnu-tools-for-stm32.9-2020-q2-update.win32_2.0.0.202105311346/tools/bin/../lib/gcc/arm-none-eabi/9.3.1/thumb/v7-m/nofp/crtbegin.o

.ARM.extab      0x000000000800de6c        0x0
                0x000000000800de6c                . = ALIGN (0x4)
 *(.ARM.extab* .gnu.linkonce.armextab.*)
                0x000000000800de6c                . = ALIGN (0x4)

.ARM            0x000000000800de6c        0x0
                0x000000000800de6c                . = ALIGN (0x4)
                0x000000000800de6c                __exidx_start = .
 *(.ARM.exidx*)
                0x000000000800de6c                __exidx_end = .
                0x000000000800de6c                . = ALIGN (0x4)

.preinit_array  0x000000000800de6c        0x0
                0x000000000800de6c                . = ALIGN (0x4)
                0x000000000800de6c                PROVIDE (__preinit_array_start = .)
 *(.preinit_array*)
                0x000000000800de6c                PROVIDE (__preinit_array_end = .)
                0x000000000800de6c                . = ALIGN (0x4)

.init_array     0x000000000800de6c        0x4
                0x000000000800de6c                . = ALIGN (0x4)
                0x000000000800de6c                PROVIDE (__init_array_start = .)
 *(SORT_BY_NAME(.init_array.*))
 *(.init_array*)
 .init_array    0x000000000800de6c        0x4 c:/st/stm32cubeide_1.7.0/stm32cubeide/plugins/com.st.stm32cube.ide.mcu.externaltools.gnu-tools-for-stm32.9-2020-q2-update.win32_2.0.0.202105311346/tools/bin/../lib/gcc/arm-none-eabi/9.3.1/thumb/v7-m/nofp/crtbegin.o
                0x000000000800de70                PROVIDE (__init_array_end = .)
                0x000000000800de70                . = ALIGN (0x4)

.fini_array     0x000000000800de70        0x4
                0x000000000800de70                . = ALIGN (0x4)
                [!provide]                        PROVIDE (__fini_array_start = .)
 *(SORT_BY_NAME(.fini_array.*))
 *(.fini_array*)
 .fini_array    0x000000000800de70        0x4 c:/st/stm32cubeide_1.7.0/stm32cubeide/plugins/com.st.stm32cube.ide.mcu.externaltools.gnu-tools-for-stm32.9-2020-q2-update.win32_2.0.0.202105311346/tools/bin/../lib/gcc/arm-none-eabi/9.3.1/thumb/v7-m/nofp/crtbegin.o
                [!provide]                        PROVIDE (__fini_array_end = .)
                0x000000000800de74                . = ALIGN (0x4)
                0x000000000800de74                _sidata = LOADADDR (.data)

.data           0x0000000020000000       0x24 load address 0x000000000800de74
                0x0000000020000000                . = ALIGN (0x4)
                0x0000000020000000                _sdata = .
 *(.data)
 *(.data*)
 .data.Stat     0x0000000020000000        0x1 ./Core/Src/fatfs_sd.o
 *fill*         0x0000000020000001        0x3 
 .data.SystemCoreClock
                0x0000000020000004        0x4 ./Core/Src/system_stm32f1xx.o
                0x0000000020000004                SystemCoreClock
 .data.uwTickPrio
                0x0000000020000008        0x4 ./Drivers/STM32F1xx_HAL_Driver/Src/stm32f1xx_hal.o
                0x0000000020000008                uwTickPrio
 .data.uwTickFreq
                0x000000002000000c        0x1 ./Drivers/STM32F1xx_HAL_Driver/Src/stm32f1xx_hal.o
                0x000000002000000c                uwTickFreq
 *fill*         0x000000002000000d        0x3 
 .data.USER_Driver
                0x0000000020000010       0x14 ./FATFS/Target/user_diskio.o
                0x0000000020000010                USER_Driver
 *(.RamFunc)
 *(.RamFunc*)
                0x0000000020000024                . = ALIGN (0x4)
                0x0000000020000024                _edata = .

.igot.plt       0x0000000020000024        0x0 load address 0x000000000800de98
 .igot.plt      0x0000000020000024        0x0 c:/st/stm32cubeide_1.7.0/stm32cubeide/plugins/com.st.stm32cube.ide.mcu.externaltools.gnu-tools-for-stm32.9-2020-q2-update.win32_2.0.0.202105311346/tools/bin/../lib/gcc/arm-none-eabi/9.3.1/thumb/v7-m/nofp/crtbegin.o
                0x0000000020000024                . = ALIGN (0x4)

.bss            0x0000000020000024     0x4420 load address 0x000000000800de98
                0x0000000020000024                _sbss = .
                0x0000000020000024                __bss_start__ = _sbss
 *(.bss)
 .bss           0x0000000020000024       0x1c c:/st/stm32cubeide_1.7.0/stm32cubeide/plugins/com.st.stm32cube.ide.mcu.externaltools.gnu-tools-for-stm32.9-2020-q2-update.win32_2.0.0.202105311346/tools/bin/../lib/gcc/arm-none-eabi/9.3.1/thumb/v7-m/nofp/crtbegin.o
 *(.bss*)
 .bss.CardType  0x0000000020000040        0x1 ./Core/Src/fatfs_sd.o
 .bss.PowerFlag
                0x0000000020000041        0x1 ./Core/Src/fatfs_sd.o
 .bss.FatFsCnt  0x0000000020000042        0x1 ./Core/Src/stm32f1xx_it.o
                0x0000000020000042                FatFsCnt
 *fill*         0x0000000020000043        0x1 
 .bss.FatFs     0x0000000020000044        0x4 ./Middlewares/Third_Party/FatFs/src/ff.o
 .bss.Fsid      0x0000000020000048        0x2 ./Middlewares/Third_Party/FatFs/src/ff.o
 *fill*         0x000000002000004a        0x2 
 .bss.Files     0x000000002000004c       0x18 ./Middlewares/Third_Party/FatFs/src/ff.o
 .bss.LfnBuf    0x0000000020000064      0x200 ./Middlewares/Third_Party/FatFs/src/ff.o
 .bss.disk      0x0000000020000264        0xc ./Middlewares/Third_Party/FatFs/src/ff_gen_drv.o
                0x0000000020000264                disk
 *(COMMON)
 COMMON         0x0000000020000270     0x2168 ./Core/Src/main.o
                0x0000000020000270                fre_clust
                0x0000000020000274                fs
                0x00000000200012a4                huart1
                0x00000000200012e8                buffer
                0x000000002000134c                pfs
                0x0000000020001350                hspi1
                0x00000000200013a8                fres
                0x00000000200013ac                fil
 COMMON         0x00000000200023d8        0x2 ./Core/Src/stm32f1xx_it.o
                0x00000000200023d8                Timer2
                0x00000000200023d9                Timer1
 *fill*         0x00000000200023da        0x2 
 COMMON         0x00000000200023dc        0x4 ./Drivers/STM32F1xx_HAL_Driver/Src/stm32f1xx_hal.o
                0x00000000200023dc                uwTick
 COMMON         0x00000000200023e0     0x2064 ./FATFS/App/fatfs.o
                0x00000000200023e0                USERPath
                0x00000000200023e4                retUSER
                0x00000000200023e8                USERFile
                0x0000000020003414                USERFatFS
                0x0000000020004444                . = ALIGN (0x4)
                0x0000000020004444                _ebss = .
                0x0000000020004444                __bss_end__ = _ebss

._user_heap_stack
                0x0000000020004444      0x604 load address 0x000000000800de98
                0x0000000020004448                . = ALIGN (0x8)
 *fill*         0x0000000020004444        0x4 
                [!provide]                        PROVIDE (end = .)
                0x0000000020004448                PROVIDE (_end = .)
                0x0000000020004648                . = (. + _Min_Heap_Size)
 *fill*         0x0000000020004448      0x200 
                0x0000000020004a48                . = (. + _Min_Stack_Size)
 *fill*         0x0000000020004648      0x400 
                0x0000000020004a48                . = ALIGN (0x8)

/DISCARD/
 libc.a(*)
 libm.a(*)
 libgcc.a(*)

.ARM.attributes
                0x0000000000000000       0x29
 *(.ARM.attributes)
 .ARM.attributes
                0x0000000000000000       0x1d c:/st/stm32cubeide_1.7.0/stm32cubeide/plugins/com.st.stm32cube.ide.mcu.externaltools.gnu-tools-for-stm32.9-2020-q2-update.win32_2.0.0.202105311346/tools/bin/../lib/gcc/arm-none-eabi/9.3.1/thumb/v7-m/nofp/crti.o
 .ARM.attributes
                0x000000000000001d       0x2d c:/st/stm32cubeide_1.7.0/stm32cubeide/plugins/com.st.stm32cube.ide.mcu.externaltools.gnu-tools-for-stm32.9-2020-q2-update.win32_2.0.0.202105311346/tools/bin/../lib/gcc/arm-none-eabi/9.3.1/thumb/v7-m/nofp/crtbegin.o
 .ARM.attributes
                0x000000000000004a       0x2d ./Core/Src/fatfs_sd.o
 .ARM.attributes
                0x0000000000000077       0x2d ./Core/Src/main.o
 .ARM.attributes
                0x00000000000000a4       0x2d ./Core/Src/stm32f1xx_hal_msp.o
 .ARM.attributes
                0x00000000000000d1       0x2d ./Core/Src/stm32f1xx_it.o
 .ARM.attributes
                0x00000000000000fe       0x2d ./Core/Src/system_stm32f1xx.o
 .ARM.attributes
                0x000000000000012b       0x21 ./Core/Startup/startup_stm32f103retx.o
 .ARM.attributes
                0x000000000000014c       0x2d ./Drivers/STM32F1xx_HAL_Driver/Src/stm32f1xx_hal.o
 .ARM.attributes
                0x0000000000000179       0x2d ./Drivers/STM32F1xx_HAL_Driver/Src/stm32f1xx_hal_cortex.o
 .ARM.attributes
                0x00000000000001a6       0x2d ./Drivers/STM32F1xx_HAL_Driver/Src/stm32f1xx_hal_gpio.o
 .ARM.attributes
                0x00000000000001d3       0x2d ./Drivers/STM32F1xx_HAL_Driver/Src/stm32f1xx_hal_rcc.o
 .ARM.attributes
                0x0000000000000200       0x2d ./Drivers/STM32F1xx_HAL_Driver/Src/stm32f1xx_hal_spi.o
 .ARM.attributes
                0x000000000000022d       0x2d ./Drivers/STM32F1xx_HAL_Driver/Src/stm32f1xx_hal_uart.o
 .ARM.attributes
                0x000000000000025a       0x2d ./FATFS/App/fatfs.o
 .ARM.attributes
                0x0000000000000287       0x2d ./FATFS/Target/user_diskio.o
 .ARM.attributes
                0x00000000000002b4       0x2d ./Middlewares/Third_Party/FatFs/src/diskio.o
 .ARM.attributes
                0x00000000000002e1       0x2d ./Middlewares/Third_Party/FatFs/src/ff.o
 .ARM.attributes
                0x000000000000030e       0x2d ./Middlewares/Third_Party/FatFs/src/ff_gen_drv.o
 .ARM.attributes
                0x000000000000033b       0x2d ./Middlewares/Third_Party/FatFs/src/option/ccsbcs.o
 .ARM.attributes
                0x0000000000000368       0x2d c:/st/stm32cubeide_1.7.0/stm32cubeide/plugins/com.st.stm32cube.ide.mcu.externaltools.gnu-tools-for-stm32.9-2020-q2-update.win32_2.0.0.202105311346/tools/bin/../lib/gcc/arm-none-eabi/9.3.1/../../../../arm-none-eabi/lib/thumb/v7-m/nofp\libc_nano.a(lib_a-init.o)
 .ARM.attributes
                0x0000000000000395       0x2d c:/st/stm32cubeide_1.7.0/stm32cubeide/plugins/com.st.stm32cube.ide.mcu.externaltools.gnu-tools-for-stm32.9-2020-q2-update.win32_2.0.0.202105311346/tools/bin/../lib/gcc/arm-none-eabi/9.3.1/../../../../arm-none-eabi/lib/thumb/v7-m/nofp\libc_nano.a(lib_a-memset.o)
 .ARM.attributes
                0x00000000000003c2       0x1d c:/st/stm32cubeide_1.7.0/stm32cubeide/plugins/com.st.stm32cube.ide.mcu.externaltools.gnu-tools-for-stm32.9-2020-q2-update.win32_2.0.0.202105311346/tools/bin/../lib/gcc/arm-none-eabi/9.3.1/thumb/v7-m/nofp/crtn.o
OUTPUT(Creality v4.2.7_Silent board.elf elf32-littlearm)
LOAD linker stubs
LOAD c:/st/stm32cubeide_1.7.0/stm32cubeide/plugins/com.st.stm32cube.ide.mcu.externaltools.gnu-tools-for-stm32.9-2020-q2-update.win32_2.0.0.202105311346/tools/bin/../lib/gcc/arm-none-eabi/9.3.1/../../../../arm-none-eabi/lib/thumb/v7-m/nofp\libc.a
LOAD c:/st/stm32cubeide_1.7.0/stm32cubeide/plugins/com.st.stm32cube.ide.mcu.externaltools.gnu-tools-for-stm32.9-2020-q2-update.win32_2.0.0.202105311346/tools/bin/../lib/gcc/arm-none-eabi/9.3.1/../../../../arm-none-eabi/lib/thumb/v7-m/nofp\libm.a
LOAD c:/st/stm32cubeide_1.7.0/stm32cubeide/plugins/com.st.stm32cube.ide.mcu.externaltools.gnu-tools-for-stm32.9-2020-q2-update.win32_2.0.0.202105311346/tools/bin/../lib/gcc/arm-none-eabi/9.3.1/thumb/v7-m/nofp\libgcc.a

.debug_info     0x0000000000000000     0xd0b8
 .debug_info    0x0000000000000000      0xc4e ./Core/Src/fatfs_sd.o
 .debug_info    0x0000000000000c4e     0x1b18 ./Core/Src/main.o
 .debug_info    0x0000000000002766      0xbf1 ./Core/Src/stm32f1xx_hal_msp.o
 .debug_info    0x0000000000003357      0x203 ./Core/Src/stm32f1xx_it.o
 .debug_info    0x000000000000355a      0x47d ./Core/Src/system_stm32f1xx.o
 .debug_info    0x00000000000039d7       0x22 ./Core/Startup/startup_stm32f103retx.o
 .debug_info    0x00000000000039f9      0x7d0 ./Drivers/STM32F1xx_HAL_Driver/Src/stm32f1xx_hal.o
 .debug_info    0x00000000000041c9      0xc42 ./Drivers/STM32F1xx_HAL_Driver/Src/stm32f1xx_hal_cortex.o
 .debug_info    0x0000000000004e0b      0x701 ./Drivers/STM32F1xx_HAL_Driver/Src/stm32f1xx_hal_gpio.o
 .debug_info    0x000000000000550c      0x88e ./Drivers/STM32F1xx_HAL_Driver/Src/stm32f1xx_hal_rcc.o
 .debug_info    0x0000000000005d9a     0x16cd ./Drivers/STM32F1xx_HAL_Driver/Src/stm32f1xx_hal_spi.o
 .debug_info    0x0000000000007467     0x161a ./Drivers/STM32F1xx_HAL_Driver/Src/stm32f1xx_hal_uart.o
 .debug_info    0x0000000000008a81      0x5f7 ./FATFS/App/fatfs.o
 .debug_info    0x0000000000009078      0xcde ./FATFS/Target/user_diskio.o
 .debug_info    0x0000000000009d56      0x4fe ./Middlewares/Third_Party/FatFs/src/diskio.o
 .debug_info    0x000000000000a254     0x2749 ./Middlewares/Third_Party/FatFs/src/ff.o
 .debug_info    0x000000000000c99d      0x495 ./Middlewares/Third_Party/FatFs/src/ff_gen_drv.o
 .debug_info    0x000000000000ce32      0x286 ./Middlewares/Third_Party/FatFs/src/option/ccsbcs.o

.debug_abbrev   0x0000000000000000     0x231f
 .debug_abbrev  0x0000000000000000      0x298 ./Core/Src/fatfs_sd.o
 .debug_abbrev  0x0000000000000298      0x375 ./Core/Src/main.o
 .debug_abbrev  0x000000000000060d      0x1ac ./Core/Src/stm32f1xx_hal_msp.o
 .debug_abbrev  0x00000000000007b9       0xe5 ./Core/Src/stm32f1xx_it.o
 .debug_abbrev  0x000000000000089e      0x14e ./Core/Src/system_stm32f1xx.o
 .debug_abbrev  0x00000000000009ec       0x12 ./Core/Startup/startup_stm32f103retx.o
 .debug_abbrev  0x00000000000009fe      0x1ed ./Drivers/STM32F1xx_HAL_Driver/Src/stm32f1xx_hal.o
 .debug_abbrev  0x0000000000000beb      0x313 ./Drivers/STM32F1xx_HAL_Driver/Src/stm32f1xx_hal_cortex.o
 .debug_abbrev  0x0000000000000efe      0x1e8 ./Drivers/STM32F1xx_HAL_Driver/Src/stm32f1xx_hal_gpio.o
 .debug_abbrev  0x00000000000010e6      0x273 ./Drivers/STM32F1xx_HAL_Driver/Src/stm32f1xx_hal_rcc.o
 .debug_abbrev  0x0000000000001359      0x26e ./Drivers/STM32F1xx_HAL_Driver/Src/stm32f1xx_hal_spi.o
 .debug_abbrev  0x00000000000015c7      0x28b ./Drivers/STM32F1xx_HAL_Driver/Src/stm32f1xx_hal_uart.o
 .debug_abbrev  0x0000000000001852      0x19d ./FATFS/App/fatfs.o
 .debug_abbrev  0x00000000000019ef      0x21d ./FATFS/Target/user_diskio.o
 .debug_abbrev  0x0000000000001c0c      0x18b ./Middlewares/Third_Party/FatFs/src/diskio.o
 .debug_abbrev  0x0000000000001d97      0x2b0 ./Middlewares/Third_Party/FatFs/src/ff.o
 .debug_abbrev  0x0000000000002047      0x1bc ./Middlewares/Third_Party/FatFs/src/ff_gen_drv.o
 .debug_abbrev  0x0000000000002203      0x11c ./Middlewares/Third_Party/FatFs/src/option/ccsbcs.o

.debug_aranges  0x0000000000000000      0xb88
 .debug_aranges
                0x0000000000000000       0xa0 ./Core/Src/fatfs_sd.o
 .debug_aranges
                0x00000000000000a0       0x60 ./Core/Src/main.o
 .debug_aranges
                0x0000000000000100       0x40 ./Core/Src/stm32f1xx_hal_msp.o
 .debug_aranges
                0x0000000000000140       0x38 ./Core/Src/stm32f1xx_it.o
 .debug_aranges
                0x0000000000000178       0x28 ./Core/Src/system_stm32f1xx.o
 .debug_aranges
                0x00000000000001a0       0x28 ./Core/Startup/startup_stm32f103retx.o
 .debug_aranges
                0x00000000000001c8       0xe0 ./Drivers/STM32F1xx_HAL_Driver/Src/stm32f1xx_hal.o
 .debug_aranges
                0x00000000000002a8      0x100 ./Drivers/STM32F1xx_HAL_Driver/Src/stm32f1xx_hal_cortex.o
 .debug_aranges
                0x00000000000003a8       0x58 ./Drivers/STM32F1xx_HAL_Driver/Src/stm32f1xx_hal_gpio.o
 .debug_aranges
                0x0000000000000400       0x90 ./Drivers/STM32F1xx_HAL_Driver/Src/stm32f1xx_hal_rcc.o
 .debug_aranges
                0x0000000000000490      0x1d0 ./Drivers/STM32F1xx_HAL_Driver/Src/stm32f1xx_hal_spi.o
 .debug_aranges
                0x0000000000000660      0x200 ./Drivers/STM32F1xx_HAL_Driver/Src/stm32f1xx_hal_uart.o
 .debug_aranges
                0x0000000000000860       0x28 ./FATFS/App/fatfs.o
 .debug_aranges
                0x0000000000000888       0x40 ./FATFS/Target/user_diskio.o
 .debug_aranges
                0x00000000000008c8       0x48 ./Middlewares/Third_Party/FatFs/src/diskio.o
 .debug_aranges
                0x0000000000000910      0x210 ./Middlewares/Third_Party/FatFs/src/ff.o
 .debug_aranges
                0x0000000000000b20       0x40 ./Middlewares/Third_Party/FatFs/src/ff_gen_drv.o
 .debug_aranges
                0x0000000000000b60       0x28 ./Middlewares/Third_Party/FatFs/src/option/ccsbcs.o

.debug_ranges   0x0000000000000000      0xaa0
 .debug_ranges  0x0000000000000000       0x90 ./Core/Src/fatfs_sd.o
 .debug_ranges  0x0000000000000090       0x50 ./Core/Src/main.o
 .debug_ranges  0x00000000000000e0       0x30 ./Core/Src/stm32f1xx_hal_msp.o
 .debug_ranges  0x0000000000000110       0x28 ./Core/Src/stm32f1xx_it.o
 .debug_ranges  0x0000000000000138       0x18 ./Core/Src/system_stm32f1xx.o
 .debug_ranges  0x0000000000000150       0x20 ./Core/Startup/startup_stm32f103retx.o
 .debug_ranges  0x0000000000000170       0xd0 ./Drivers/STM32F1xx_HAL_Driver/Src/stm32f1xx_hal.o
 .debug_ranges  0x0000000000000240       0xf0 ./Drivers/STM32F1xx_HAL_Driver/Src/stm32f1xx_hal_cortex.o
 .debug_ranges  0x0000000000000330       0x48 ./Drivers/STM32F1xx_HAL_Driver/Src/stm32f1xx_hal_gpio.o
 .debug_ranges  0x0000000000000378       0x80 ./Drivers/STM32F1xx_HAL_Driver/Src/stm32f1xx_hal_rcc.o
 .debug_ranges  0x00000000000003f8      0x1c0 ./Drivers/STM32F1xx_HAL_Driver/Src/stm32f1xx_hal_spi.o
 .debug_ranges  0x00000000000005b8      0x220 ./Drivers/STM32F1xx_HAL_Driver/Src/stm32f1xx_hal_uart.o
 .debug_ranges  0x00000000000007d8       0x18 ./FATFS/App/fatfs.o
 .debug_ranges  0x00000000000007f0       0x30 ./FATFS/Target/user_diskio.o
 .debug_ranges  0x0000000000000820       0x38 ./Middlewares/Third_Party/FatFs/src/diskio.o
 .debug_ranges  0x0000000000000858      0x200 ./Middlewares/Third_Party/FatFs/src/ff.o
 .debug_ranges  0x0000000000000a58       0x30 ./Middlewares/Third_Party/FatFs/src/ff_gen_drv.o
 .debug_ranges  0x0000000000000a88       0x18 ./Middlewares/Third_Party/FatFs/src/option/ccsbcs.o

.debug_macro    0x0000000000000000    0x19f20
 .debug_macro   0x0000000000000000      0x1d7 ./Core/Src/fatfs_sd.o
 .debug_macro   0x00000000000001d7      0xa9c ./Core/Src/fatfs_sd.o
 .debug_macro   0x0000000000000c73      0x21b ./Core/Src/fatfs_sd.o
 .debug_macro   0x0000000000000e8e       0x2e ./Core/Src/fatfs_sd.o
 .debug_macro   0x0000000000000ebc       0x22 ./Core/Src/fatfs_sd.o
 .debug_macro   0x0000000000000ede       0x22 ./Core/Src/fatfs_sd.o
 .debug_macro   0x0000000000000f00       0x8e ./Core/Src/fatfs_sd.o
 .debug_macro   0x0000000000000f8e       0x51 ./Core/Src/fatfs_sd.o
 .debug_macro   0x0000000000000fdf      0x103 ./Core/Src/fatfs_sd.o
 .debug_macro   0x00000000000010e2       0x6a ./Core/Src/fatfs_sd.o
 .debug_macro   0x000000000000114c      0x1df ./Core/Src/fatfs_sd.o
 .debug_macro   0x000000000000132b       0x1c ./Core/Src/fatfs_sd.o
 .debug_macro   0x0000000000001347       0x22 ./Core/Src/fatfs_sd.o
 .debug_macro   0x0000000000001369       0xc3 ./Core/Src/fatfs_sd.o
 .debug_macro   0x000000000000142c      0xd23 ./Core/Src/fatfs_sd.o
 .debug_macro   0x000000000000214f     0xfd8c ./Core/Src/fatfs_sd.o
 .debug_macro   0x0000000000011edb       0x6d ./Core/Src/fatfs_sd.o
 .debug_macro   0x0000000000011f48     0x3468 ./Core/Src/fatfs_sd.o
 .debug_macro   0x00000000000153b0      0x174 ./Core/Src/fatfs_sd.o
 .debug_macro   0x0000000000015524       0x5c ./Core/Src/fatfs_sd.o
 .debug_macro   0x0000000000015580      0x5be ./Core/Src/fatfs_sd.o
 .debug_macro   0x0000000000015b3e      0x4d5 ./Core/Src/fatfs_sd.o
 .debug_macro   0x0000000000016013      0x1cb ./Core/Src/fatfs_sd.o
 .debug_macro   0x00000000000161de      0x114 ./Core/Src/fatfs_sd.o
 .debug_macro   0x00000000000162f2      0x1ea ./Core/Src/fatfs_sd.o
 .debug_macro   0x00000000000164dc       0x27 ./Core/Src/fatfs_sd.o
 .debug_macro   0x0000000000016503      0x144 ./Core/Src/fatfs_sd.o
 .debug_macro   0x0000000000016647      0x1bc ./Core/Src/fatfs_sd.o
 .debug_macro   0x0000000000016803       0x30 ./Core/Src/fatfs_sd.o
 .debug_macro   0x0000000000016833       0x3c ./Core/Src/fatfs_sd.o
 .debug_macro   0x000000000001686f       0x57 ./Core/Src/fatfs_sd.o
 .debug_macro   0x00000000000168c6       0x88 ./Core/Src/fatfs_sd.o
 .debug_macro   0x000000000001694e      0x24f ./Core/Src/fatfs_sd.o
 .debug_macro   0x0000000000016b9d      0x141 ./Core/Src/fatfs_sd.o
 .debug_macro   0x0000000000016cde      0x217 ./Core/Src/fatfs_sd.o
 .debug_macro   0x0000000000016ef5      0x279 ./Core/Src/fatfs_sd.o
 .debug_macro   0x000000000001716e       0xb5 ./Core/Src/fatfs_sd.o
 .debug_macro   0x0000000000017223       0x16 ./Core/Src/fatfs_sd.o
 .debug_macro   0x0000000000017239       0x7c ./Core/Src/fatfs_sd.o
 .debug_macro   0x00000000000172b5       0x6a ./Core/Src/fatfs_sd.o
 .debug_macro   0x000000000001731f      0x2c2 ./Core/Src/main.o
 .debug_macro   0x00000000000175e1       0x10 ./Core/Src/main.o
 .debug_macro   0x00000000000175f1       0xe0 ./Core/Src/main.o
 .debug_macro   0x00000000000176d1       0xf5 ./Core/Src/main.o
 .debug_macro   0x00000000000177c6       0x8e ./Core/Src/main.o
 .debug_macro   0x0000000000017854       0x52 ./Core/Src/main.o
 .debug_macro   0x00000000000178a6       0x18 ./Core/Src/main.o
 .debug_macro   0x00000000000178be       0x3c ./Core/Src/main.o
 .debug_macro   0x00000000000178fa       0x34 ./Core/Src/main.o
 .debug_macro   0x000000000001792e       0x16 ./Core/Src/main.o
 .debug_macro   0x0000000000017944       0x43 ./Core/Src/main.o
 .debug_macro   0x0000000000017987       0x34 ./Core/Src/main.o
 .debug_macro   0x00000000000179bb       0x10 ./Core/Src/main.o
 .debug_macro   0x00000000000179cb       0x58 ./Core/Src/main.o
 .debug_macro   0x0000000000017a23       0x71 ./Core/Src/main.o
 .debug_macro   0x0000000000017a94       0x1c ./Core/Src/main.o
 .debug_macro   0x0000000000017ab0      0x12a ./Core/Src/main.o
 .debug_macro   0x0000000000017bda      0x333 ./Core/Src/main.o
 .debug_macro   0x0000000000017f0d       0x10 ./Core/Src/main.o
 .debug_macro   0x0000000000017f1d       0x35 ./Core/Src/main.o
 .debug_macro   0x0000000000017f52       0x20 ./Core/Src/main.o
 .debug_macro   0x0000000000017f72      0x1a7 ./Core/Src/stm32f1xx_hal_msp.o
 .debug_macro   0x0000000000018119      0x1ab ./Core/Src/stm32f1xx_it.o
 .debug_macro   0x00000000000182c4       0x16 ./Core/Src/stm32f1xx_it.o
 .debug_macro   0x00000000000182da      0x19e ./Core/Src/system_stm32f1xx.o
 .debug_macro   0x0000000000018478      0x1bc ./Drivers/STM32F1xx_HAL_Driver/Src/stm32f1xx_hal.o
 .debug_macro   0x0000000000018634      0x198 ./Drivers/STM32F1xx_HAL_Driver/Src/stm32f1xx_hal_cortex.o
 .debug_macro   0x00000000000187cc      0x203 ./Drivers/STM32F1xx_HAL_Driver/Src/stm32f1xx_hal_gpio.o
 .debug_macro   0x00000000000189cf      0x1aa ./Drivers/STM32F1xx_HAL_Driver/Src/stm32f1xx_hal_rcc.o
 .debug_macro   0x0000000000018b79      0x1a0 ./Drivers/STM32F1xx_HAL_Driver/Src/stm32f1xx_hal_spi.o
 .debug_macro   0x0000000000018d19      0x199 ./Drivers/STM32F1xx_HAL_Driver/Src/stm32f1xx_hal_uart.o
 .debug_macro   0x0000000000018eb2      0x1eb ./FATFS/App/fatfs.o
 .debug_macro   0x000000000001909d       0xda ./FATFS/App/fatfs.o
 .debug_macro   0x0000000000019177      0x2a9 ./FATFS/Target/user_diskio.o
 .debug_macro   0x0000000000019420       0xbd ./FATFS/Target/user_diskio.o
 .debug_macro   0x00000000000194dd       0x56 ./FATFS/Target/user_diskio.o
 .debug_macro   0x0000000000019533      0x1d8 ./Middlewares/Third_Party/FatFs/src/diskio.o
 .debug_macro   0x000000000001970b      0x41f ./Middlewares/Third_Party/FatFs/src/ff.o
 .debug_macro   0x0000000000019b2a       0x58 ./Middlewares/Third_Party/FatFs/src/ff.o
 .debug_macro   0x0000000000019b82      0x1d8 ./Middlewares/Third_Party/FatFs/src/ff_gen_drv.o
 .debug_macro   0x0000000000019d5a      0x1c6 ./Middlewares/Third_Party/FatFs/src/option/ccsbcs.o

.debug_line     0x0000000000000000     0xe9d5
 .debug_line    0x0000000000000000      0xd1c ./Core/Src/fatfs_sd.o
 .debug_line    0x0000000000000d1c      0xa20 ./Core/Src/main.o
 .debug_line    0x000000000000173c      0x70a ./Core/Src/stm32f1xx_hal_msp.o
 .debug_line    0x0000000000001e46      0x6ca ./Core/Src/stm32f1xx_it.o
 .debug_line    0x0000000000002510      0x6fe ./Core/Src/system_stm32f1xx.o
 .debug_line    0x0000000000002c0e       0x87 ./Core/Startup/startup_stm32f103retx.o
 .debug_line    0x0000000000002c95      0x90e ./Drivers/STM32F1xx_HAL_Driver/Src/stm32f1xx_hal.o
 .debug_line    0x00000000000035a3      0xaf6 ./Drivers/STM32F1xx_HAL_Driver/Src/stm32f1xx_hal_cortex.o
 .debug_line    0x0000000000004099      0x9cd ./Drivers/STM32F1xx_HAL_Driver/Src/stm32f1xx_hal_gpio.o
 .debug_line    0x0000000000004a66      0xd1c ./Drivers/STM32F1xx_HAL_Driver/Src/stm32f1xx_hal_rcc.o
 .debug_line    0x0000000000005782     0x1b93 ./Drivers/STM32F1xx_HAL_Driver/Src/stm32f1xx_hal_spi.o
 .debug_line    0x0000000000007315     0x19e9 ./Drivers/STM32F1xx_HAL_Driver/Src/stm32f1xx_hal_uart.o
 .debug_line    0x0000000000008cfe      0x6f5 ./FATFS/App/fatfs.o
 .debug_line    0x00000000000093f3      0x886 ./FATFS/Target/user_diskio.o
 .debug_line    0x0000000000009c79      0x765 ./Middlewares/Third_Party/FatFs/src/diskio.o
 .debug_line    0x000000000000a3de     0x370f ./Middlewares/Third_Party/FatFs/src/ff.o
 .debug_line    0x000000000000daed      0x782 ./Middlewares/Third_Party/FatFs/src/ff_gen_drv.o
 .debug_line    0x000000000000e26f      0x766 ./Middlewares/Third_Party/FatFs/src/option/ccsbcs.o

.debug_str      0x0000000000000000    0x92aae
 .debug_str     0x0000000000000000    0x8c2f3 ./Core/Src/fatfs_sd.o
                                      0x8c775 (size before relaxing)
 .debug_str     0x000000000008c2f3     0x3db0 ./Core/Src/main.o
                                      0x90383 (size before relaxing)
 .debug_str     0x00000000000900a3       0xab ./Core/Src/stm32f1xx_hal_msp.o
                                      0x8c5c5 (size before relaxing)
 .debug_str     0x000000000009014e       0x71 ./Core/Src/stm32f1xx_it.o
                                      0x8bfc6 (size before relaxing)
 .debug_str     0x00000000000901bf       0xc2 ./Core/Src/system_stm32f1xx.o
                                      0x8c01b (size before relaxing)
 .debug_str     0x0000000000090281       0x36 ./Core/Startup/startup_stm32f103retx.o
                                         0x82 (size before relaxing)
 .debug_str     0x00000000000902b7      0x5f6 ./Drivers/STM32F1xx_HAL_Driver/Src/stm32f1xx_hal.o
                                      0x8c716 (size before relaxing)
 .debug_str     0x00000000000908ad      0x2ac ./Drivers/STM32F1xx_HAL_Driver/Src/stm32f1xx_hal_cortex.o
                                      0x8c71e (size before relaxing)
 .debug_str     0x0000000000090b59      0x324 ./Drivers/STM32F1xx_HAL_Driver/Src/stm32f1xx_hal_gpio.o
                                      0x8c365 (size before relaxing)
 .debug_str     0x0000000000090e7d      0x24f ./Drivers/STM32F1xx_HAL_Driver/Src/stm32f1xx_hal_rcc.o
                                      0x8c39e (size before relaxing)
 .debug_str     0x00000000000910cc      0x549 ./Drivers/STM32F1xx_HAL_Driver/Src/stm32f1xx_hal_spi.o
                                      0x8c8b3 (size before relaxing)
 .debug_str     0x0000000000091615      0x5e4 ./Drivers/STM32F1xx_HAL_Driver/Src/stm32f1xx_hal_uart.o
                                      0x8c990 (size before relaxing)
 .debug_str     0x0000000000091bf9       0x2f ./FATFS/App/fatfs.o
                                      0x8c862 (size before relaxing)
 .debug_str     0x0000000000091c28       0x6d ./FATFS/Target/user_diskio.o
                                      0x8faaf (size before relaxing)
 .debug_str     0x0000000000091c95       0x52 ./Middlewares/Third_Party/FatFs/src/diskio.o
                                      0x8c799 (size before relaxing)
 .debug_str     0x0000000000091ce7      0xcbb ./Middlewares/Third_Party/FatFs/src/ff.o
                                      0x8d602 (size before relaxing)
 .debug_str     0x00000000000929a2       0xa2 ./Middlewares/Third_Party/FatFs/src/ff_gen_drv.o
                                      0x8c7ea (size before relaxing)
 .debug_str     0x0000000000092a44       0x6a ./Middlewares/Third_Party/FatFs/src/option/ccsbcs.o
                                      0x8c58a (size before relaxing)

.comment        0x0000000000000000       0x53
 .comment       0x0000000000000000       0x53 ./Core/Src/fatfs_sd.o
                                         0x54 (size before relaxing)
 .comment       0x0000000000000053       0x54 ./Core/Src/main.o
 .comment       0x0000000000000053       0x54 ./Core/Src/stm32f1xx_hal_msp.o
 .comment       0x0000000000000053       0x54 ./Core/Src/stm32f1xx_it.o
 .comment       0x0000000000000053       0x54 ./Core/Src/system_stm32f1xx.o
 .comment       0x0000000000000053       0x54 ./Drivers/STM32F1xx_HAL_Driver/Src/stm32f1xx_hal.o
 .comment       0x0000000000000053       0x54 ./Drivers/STM32F1xx_HAL_Driver/Src/stm32f1xx_hal_cortex.o
 .comment       0x0000000000000053       0x54 ./Drivers/STM32F1xx_HAL_Driver/Src/stm32f1xx_hal_gpio.o
 .comment       0x0000000000000053       0x54 ./Drivers/STM32F1xx_HAL_Driver/Src/stm32f1xx_hal_rcc.o
 .comment       0x0000000000000053       0x54 ./Drivers/STM32F1xx_HAL_Driver/Src/stm32f1xx_hal_spi.o
 .comment       0x0000000000000053       0x54 ./Drivers/STM32F1xx_HAL_Driver/Src/stm32f1xx_hal_uart.o
 .comment       0x0000000000000053       0x54 ./FATFS/App/fatfs.o
 .comment       0x0000000000000053       0x54 ./FATFS/Target/user_diskio.o
 .comment       0x0000000000000053       0x54 ./Middlewares/Third_Party/FatFs/src/diskio.o
 .comment       0x0000000000000053       0x54 ./Middlewares/Third_Party/FatFs/src/ff.o
 .comment       0x0000000000000053       0x54 ./Middlewares/Third_Party/FatFs/src/ff_gen_drv.o
 .comment       0x0000000000000053       0x54 ./Middlewares/Third_Party/FatFs/src/option/ccsbcs.o

.debug_frame    0x0000000000000000     0x2e70
 .debug_frame   0x0000000000000000      0x268 ./Core/Src/fatfs_sd.o
 .debug_frame   0x0000000000000268      0x140 ./Core/Src/main.o
 .debug_frame   0x00000000000003a8       0xc8 ./Core/Src/stm32f1xx_hal_msp.o
 .debug_frame   0x0000000000000470       0x8c ./Core/Src/stm32f1xx_it.o
 .debug_frame   0x00000000000004fc       0x58 ./Core/Src/system_stm32f1xx.o
 .debug_frame   0x0000000000000554      0x334 ./Drivers/STM32F1xx_HAL_Driver/Src/stm32f1xx_hal.o
 .debug_frame   0x0000000000000888      0x428 ./Drivers/STM32F1xx_HAL_Driver/Src/stm32f1xx_hal_cortex.o
 .debug_frame   0x0000000000000cb0      0x14c ./Drivers/STM32F1xx_HAL_Driver/Src/stm32f1xx_hal_gpio.o
 .debug_frame   0x0000000000000dfc      0x21c ./Drivers/STM32F1xx_HAL_Driver/Src/stm32f1xx_hal_rcc.o
 .debug_frame   0x0000000000001018      0x824 ./Drivers/STM32F1xx_HAL_Driver/Src/stm32f1xx_hal_spi.o
 .debug_frame   0x000000000000183c      0x914 ./Drivers/STM32F1xx_HAL_Driver/Src/stm32f1xx_hal_uart.o
 .debug_frame   0x0000000000002150       0x4c ./FATFS/App/fatfs.o
 .debug_frame   0x000000000000219c       0xc4 ./FATFS/Target/user_diskio.o
 .debug_frame   0x0000000000002260       0xec ./Middlewares/Third_Party/FatFs/src/diskio.o
 .debug_frame   0x000000000000234c      0x9b0 ./Middlewares/Third_Party/FatFs/src/ff.o
 .debug_frame   0x0000000000002cfc       0xc8 ./Middlewares/Third_Party/FatFs/src/ff_gen_drv.o
 .debug_frame   0x0000000000002dc4       0x60 ./Middlewares/Third_Party/FatFs/src/option/ccsbcs.o
 .debug_frame   0x0000000000002e24       0x2c c:/st/stm32cubeide_1.7.0/stm32cubeide/plugins/com.st.stm32cube.ide.mcu.externaltools.gnu-tools-for-stm32.9-2020-q2-update.win32_2.0.0.202105311346/tools/bin/../lib/gcc/arm-none-eabi/9.3.1/../../../../arm-none-eabi/lib/thumb/v7-m/nofp\libc_nano.a(lib_a-init.o)
 .debug_frame   0x0000000000002e50       0x20 c:/st/stm32cubeide_1.7.0/stm32cubeide/plugins/com.st.stm32cube.ide.mcu.externaltools.gnu-tools-for-stm32.9-2020-q2-update.win32_2.0.0.202105311346/tools/bin/../lib/gcc/arm-none-eabi/9.3.1/../../../../arm-none-eabi/lib/thumb/v7-m/nofp\libc_nano.a(lib_a-memset.o)
